Script started on 2020-08-13 12:37:57+03:00 [TERM="xterm" TTY="/dev/pts/0" COLUMNS="89" LINES="24"]
]0;and@and-System-Product-Name: ~/vagrant/otus/3/otus_installand@and-System-Product-Name:~/vagrant/otus/3/otus_install$ vagrant list-comman[K[K[K[K[K[K[K[K[K[K[Kssh
Last login: Thu Aug 13 09:37:42 2020 from 10.0.2.2
]0;vagrant@lvm:~[?1034h[vagrant@lvm ~]$ sudo -i
]0;root@lvm:~[?1034h[root@lvm ~]# yum install xfsdump
Loaded plugins: fastestmirror
Loading mirror speeds from cached hostfile
 * base: mirror.mirohost.net
 * extras: mirror.mirohost.net
 * updates: mirror.mirohost.net
Resolving Dependencies
--> Running transaction check
---> Package xfsdump.x86_64 0:3.1.7-1.el7 will be installed
--> Processing Dependency: attr >= 2.0.0 for package: xfsdump-3.1.7-1.el7.x86_64
--> Running transaction check
---> Package attr.x86_64 0:2.4.46-13.el7 will be installed
--> Finished Dependency Resolution

Dependencies Resolved

=========================================================================================
 Package             Arch               Version                   Repository        Size
=========================================================================================
Installing:
 xfsdump             x86_64             3.1.7-1.el7               base             308 k
Installing for dependencies:
 attr                x86_64             2.4.46-13.el7             base              66 k

Transaction Summary
=========================================================================================
Install  1 Package (+1 Dependent package)

Total download size: 374 k
Installed size: 1.1 M
Is this ok [y/d/N]: y
Downloading packages:
(2/2): xfsdump-3.1.7-1.el7.x86 0% [                    ]  0.0 B/s |    0 B  --:--:-- ETA (2/2): xfsdump-3.1.7-1.el7.x8 90% [==================  ]  0.0 B/s | 339 kB  --:--:-- ETA (1/2): attr-2.4.46-13.el7.x86_64.rpm                              |  66 kB  00:00:00     
(2/2): xfsdump-3.1.7-1.el7.x86_64.rpm                             | 308 kB  00:00:00     
-----------------------------------------------------------------------------------------
Total                                                       371 kB/s | 374 kB  00:01     
Running transaction check
Running transaction test
Transaction test succeeded
Running transaction
  Installing : attr-2.4.46-13.el7.x86_64 [                                         ] 1/2  Installing : attr-2.4.46-13.el7.x86_64 [##                                       ] 1/2  Installing : attr-2.4.46-13.el7.x86_64 [#######                                  ] 1/2  Installing : attr-2.4.46-13.el7.x86_64 [###########                              ] 1/2  Installing : attr-2.4.46-13.el7.x86_64 [############                             ] 1/2  Installing : attr-2.4.46-13.el7.x86_64 [################                         ] 1/2  Installing : attr-2.4.46-13.el7.x86_64 [#################                        ] 1/2  Installing : attr-2.4.46-13.el7.x86_64 [####################                     ] 1/2  Installing : attr-2.4.46-13.el7.x86_64 [#####################                    ] 1/2  Installing : attr-2.4.46-13.el7.x86_64 [#########################                ] 1/2  Installing : attr-2.4.46-13.el7.x86_64 [##########################               ] 1/2  Installing : attr-2.4.46-13.el7.x86_64 [###########################              ] 1/2  Installing : attr-2.4.46-13.el7.x86_64 [#############################            ] 1/2  Installing : attr-2.4.46-13.el7.x86_64 [##############################           ] 1/2  Installing : attr-2.4.46-13.el7.x86_64 [###############################          ] 1/2  Installing : attr-2.4.46-13.el7.x86_64 [#################################        ] 1/2  Installing : attr-2.4.46-13.el7.x86_64 [##################################       ] 1/2  Installing : attr-2.4.46-13.el7.x86_64 [###################################      ] 1/2  Installing : attr-2.4.46-13.el7.x86_64 [#####################################    ] 1/2  Installing : attr-2.4.46-13.el7.x86_64 [######################################   ] 1/2  Installing : attr-2.4.46-13.el7.x86_64 [#######################################  ] 1/2  Installing : attr-2.4.46-13.el7.x86_64 [######################################## ] 1/2  Installing : attr-2.4.46-13.el7.x86_64                                             1/2 
  Installing : xfsdump-3.1.7-1.el7.x86_64 [                                        ] 2/2  Installing : xfsdump-3.1.7-1.el7.x86_64 [##                                      ] 2/2  Installing : xfsdump-3.1.7-1.el7.x86_64 [#####                                   ] 2/2  Installing : xfsdump-3.1.7-1.el7.x86_64 [########                                ] 2/2  Installing : xfsdump-3.1.7-1.el7.x86_64 [##########                              ] 2/2  Installing : xfsdump-3.1.7-1.el7.x86_64 [############                            ] 2/2  Installing : xfsdump-3.1.7-1.el7.x86_64 [##############                          ] 2/2  Installing : xfsdump-3.1.7-1.el7.x86_64 [#################                       ] 2/2  Installing : xfsdump-3.1.7-1.el7.x86_64 [####################                    ] 2/2  Installing : xfsdump-3.1.7-1.el7.x86_64 [######################                  ] 2/2  Installing : xfsdump-3.1.7-1.el7.x86_64 [#########################               ] 2/2  Installing : xfsdump-3.1.7-1.el7.x86_64 [############################            ] 2/2  Installing : xfsdump-3.1.7-1.el7.x86_64 [#############################           ] 2/2  Installing : xfsdump-3.1.7-1.el7.x86_64 [##############################          ] 2/2  Installing : xfsdump-3.1.7-1.el7.x86_64 [###############################         ] 2/2  Installing : xfsdump-3.1.7-1.el7.x86_64 [################################        ] 2/2  Installing : xfsdump-3.1.7-1.el7.x86_64 [##################################      ] 2/2  Installing : xfsdump-3.1.7-1.el7.x86_64 [###################################     ] 2/2  Installing : xfsdump-3.1.7-1.el7.x86_64 [######################################  ] 2/2  Installing : xfsdump-3.1.7-1.el7.x86_64 [####################################### ] 2/2  Installing : xfsdump-3.1.7-1.el7.x86_64                                            2/2 
  Verifying  : attr-2.4.46-13.el7.x86_64                                             1/2 
  Verifying  : xfsdump-3.1.7-1.el7.x86_64                                            2/2 

Installed:
  xfsdump.x86_64 0:3.1.7-1.el7                                                           

Dependency Installed:
  attr.x86_64 0:2.4.46-13.el7                                                            

Complete!
]0;root@lvm:~[root@lvm ~]# yum install xfsdump[K[K[K[K[K[K[Kmc
Loaded plugins: fastestmirror
Loading mirror speeds from cached hostfile
 * base: mirror.mirohost.net
 * extras: mirror.mirohost.net
 * updates: mirror.mirohost.net
Resolving Dependencies
--> Running transaction check
---> Package mc.x86_64 1:4.8.7-11.el7 will be installed
--> Processing Dependency: perl(strict) for package: 1:mc-4.8.7-11.el7.x86_64
--> Processing Dependency: perl(bytes) for package: 1:mc-4.8.7-11.el7.x86_64
--> Processing Dependency: perl(POSIX) for package: 1:mc-4.8.7-11.el7.x86_64
--> Processing Dependency: perl(File::Temp) for package: 1:mc-4.8.7-11.el7.x86_64
--> Processing Dependency: perl(File::Basename) for package: 1:mc-4.8.7-11.el7.x86_64
--> Processing Dependency: /usr/bin/perl for package: 1:mc-4.8.7-11.el7.x86_64
--> Processing Dependency: libgpm.so.2()(64bit) for package: 1:mc-4.8.7-11.el7.x86_64
--> Running transaction check
---> Package gpm-libs.x86_64 0:1.20.7-6.el7 will be installed
---> Package perl.x86_64 4:5.16.3-295.el7 will be installed
--> Processing Dependency: perl-libs = 4:5.16.3-295.el7 for package: 4:perl-5.16.3-295.el7.x86_64
--> Processing Dependency: perl(Socket) >= 1.3 for package: 4:perl-5.16.3-295.el7.x86_64
--> Processing Dependency: perl(Scalar::Util) >= 1.10 for package: 4:perl-5.16.3-295.el7.x86_64
--> Processing Dependency: perl-macros for package: 4:perl-5.16.3-295.el7.x86_64
--> Processing Dependency: perl-libs for package: 4:perl-5.16.3-295.el7.x86_64
--> Processing Dependency: perl(threads::shared) for package: 4:perl-5.16.3-295.el7.x86_64
--> Processing Dependency: perl(threads) for package: 4:perl-5.16.3-295.el7.x86_64
--> Processing Dependency: perl(constant) for package: 4:perl-5.16.3-295.el7.x86_64
--> Processing Dependency: perl(Time::Local) for package: 4:perl-5.16.3-295.el7.x86_64
--> Processing Dependency: perl(Time::HiRes) for package: 4:perl-5.16.3-295.el7.x86_64
--> Processing Dependency: perl(Storable) for package: 4:perl-5.16.3-295.el7.x86_64
--> Processing Dependency: perl(Socket) for package: 4:perl-5.16.3-295.el7.x86_64
--> Processing Dependency: perl(Scalar::Util) for package: 4:perl-5.16.3-295.el7.x86_64
--> Processing Dependency: perl(Pod::Simple::XHTML) for package: 4:perl-5.16.3-295.el7.x86_64
--> Processing Dependency: perl(Pod::Simple::Search) for package: 4:perl-5.16.3-295.el7.x86_64
--> Processing Dependency: perl(Getopt::Long) for package: 4:perl-5.16.3-295.el7.x86_64
--> Processing Dependency: perl(Filter::Util::Call) for package: 4:perl-5.16.3-295.el7.x86_64
--> Processing Dependency: perl(File::Spec::Unix) for package: 4:perl-5.16.3-295.el7.x86_64
--> Processing Dependency: perl(File::Spec::Functions) for package: 4:perl-5.16.3-295.el7.x86_64
--> Processing Dependency: perl(File::Spec) for package: 4:perl-5.16.3-295.el7.x86_64
--> Processing Dependency: perl(File::Path) for package: 4:perl-5.16.3-295.el7.x86_64
--> Processing Dependency: perl(Exporter) for package: 4:perl-5.16.3-295.el7.x86_64
--> Processing Dependency: perl(Cwd) for package: 4:perl-5.16.3-295.el7.x86_64
--> Processing Dependency: perl(Carp) for package: 4:perl-5.16.3-295.el7.x86_64
--> Processing Dependency: libperl.so()(64bit) for package: 4:perl-5.16.3-295.el7.x86_64
---> Package perl-File-Temp.noarch 0:0.23.01-3.el7 will be installed
--> Running transaction check
---> Package perl-Carp.noarch 0:1.26-244.el7 will be installed
---> Package perl-Exporter.noarch 0:5.68-3.el7 will be installed
---> Package perl-File-Path.noarch 0:2.09-2.el7 will be installed
---> Package perl-Filter.x86_64 0:1.49-3.el7 will be installed
---> Package perl-Getopt-Long.noarch 0:2.40-3.el7 will be installed
--> Processing Dependency: perl(Pod::Usage) >= 1.14 for package: perl-Getopt-Long-2.40-3.el7.noarch
--> Processing Dependency: perl(Text::ParseWords) for package: perl-Getopt-Long-2.40-3.el7.noarch
---> Package perl-PathTools.x86_64 0:3.40-5.el7 will be installed
---> Package perl-Pod-Simple.noarch 1:3.28-4.el7 will be installed
--> Processing Dependency: perl(Pod::Escapes) >= 1.04 for package: 1:perl-Pod-Simple-3.28-4.el7.noarch
--> Processing Dependency: perl(Encode) for package: 1:perl-Pod-Simple-3.28-4.el7.noarch
---> Package perl-Scalar-List-Utils.x86_64 0:1.27-248.el7 will be installed
---> Package perl-Socket.x86_64 0:2.010-5.el7 will be installed
---> Package perl-Storable.x86_64 0:2.45-3.el7 will be installed
---> Package perl-Time-HiRes.x86_64 4:1.9725-3.el7 will be installed
---> Package perl-Time-Local.noarch 0:1.2300-2.el7 will be installed
---> Package perl-constant.noarch 0:1.27-2.el7 will be installed
---> Package perl-libs.x86_64 4:5.16.3-295.el7 will be installed
---> Package perl-macros.x86_64 4:5.16.3-295.el7 will be installed
---> Package perl-threads.x86_64 0:1.87-4.el7 will be installed
---> Package perl-threads-shared.x86_64 0:1.43-6.el7 will be installed
--> Running transaction check
---> Package perl-Encode.x86_64 0:2.51-7.el7 will be installed
---> Package perl-Pod-Escapes.noarch 1:1.04-295.el7 will be installed
---> Package perl-Pod-Usage.noarch 0:1.63-3.el7 will be installed
--> Processing Dependency: perl(Pod::Text) >= 3.15 for package: perl-Pod-Usage-1.63-3.el7.noarch
--> Processing Dependency: perl-Pod-Perldoc for package: perl-Pod-Usage-1.63-3.el7.noarch
---> Package perl-Text-ParseWords.noarch 0:3.29-4.el7 will be installed
--> Running transaction check
---> Package perl-Pod-Perldoc.noarch 0:3.20-4.el7 will be installed
--> Processing Dependency: perl(parent) for package: perl-Pod-Perldoc-3.20-4.el7.noarch
--> Processing Dependency: perl(HTTP::Tiny) for package: perl-Pod-Perldoc-3.20-4.el7.noarch
---> Package perl-podlators.noarch 0:2.5.1-3.el7 will be installed
--> Running transaction check
---> Package perl-HTTP-Tiny.noarch 0:0.033-3.el7 will be installed
---> Package perl-parent.noarch 1:0.225-244.el7 will be installed
--> Finished Dependency Resolution

Dependencies Resolved

=========================================================================================
 Package                       Arch          Version                   Repository   Size
=========================================================================================
Installing:
 mc                            x86_64        1:4.8.7-11.el7            base        1.7 M
Installing for dependencies:
 gpm-libs                      x86_64        1.20.7-6.el7              base         32 k
 perl                          x86_64        4:5.16.3-295.el7          base        8.0 M
 perl-Carp                     noarch        1.26-244.el7              base         19 k
 perl-Encode                   x86_64        2.51-7.el7                base        1.5 M
 perl-Exporter                 noarch        5.68-3.el7                base         28 k
 perl-File-Path                noarch        2.09-2.el7                base         26 k
 perl-File-Temp                noarch        0.23.01-3.el7             base         56 k
 perl-Filter                   x86_64        1.49-3.el7                base         76 k
 perl-Getopt-Long              noarch        2.40-3.el7                base         56 k
 perl-HTTP-Tiny                noarch        0.033-3.el7               base         38 k
 perl-PathTools                x86_64        3.40-5.el7                base         82 k
 perl-Pod-Escapes              noarch        1:1.04-295.el7            base         51 k
 perl-Pod-Perldoc              noarch        3.20-4.el7                base         87 k
 perl-Pod-Simple               noarch        1:3.28-4.el7              base        216 k
 perl-Pod-Usage                noarch        1.63-3.el7                base         27 k
 perl-Scalar-List-Utils        x86_64        1.27-248.el7              base         36 k
 perl-Socket                   x86_64        2.010-5.el7               base         49 k
 perl-Storable                 x86_64        2.45-3.el7                base         77 k
 perl-Text-ParseWords          noarch        3.29-4.el7                base         14 k
 perl-Time-HiRes               x86_64        4:1.9725-3.el7            base         45 k
 perl-Time-Local               noarch        1.2300-2.el7              base         24 k
 perl-constant                 noarch        1.27-2.el7                base         19 k
 perl-libs                     x86_64        4:5.16.3-295.el7          base        689 k
 perl-macros                   x86_64        4:5.16.3-295.el7          base         44 k
 perl-parent                   noarch        1:0.225-244.el7           base         12 k
 perl-podlators                noarch        2.5.1-3.el7               base        112 k
 perl-threads                  x86_64        1.87-4.el7                base         49 k
 perl-threads-shared           x86_64        1.43-6.el7                base         39 k

Transaction Summary
=========================================================================================
Install  1 Package (+28 Dependent packages)

Total download size: 13 M
Installed size: 42 M
Is this ok [y/d/N]: y
Downloading packages:
(2/29): mc-4.8.7-11.el7.x86_64 0% [                    ]  0.0 B/s |    0 B  --:--:-- ETA (1/29): perl-Carp-1.26-244.el7.noarch.rpm                         |  19 kB  00:00:00     
(2/29): gpm-libs-1.20.7-6.el7.x86_64.rpm                          |  32 kB  00:00:00     
(4/29): perl-5.16.3-295.el7.x8 1% [                    ]  0.0 B/s | 217 kB  --:--:-- ETA (3/29): perl-File-Path-2.09-2.el7.noarch.rpm                      |  26 kB  00:00:00     
(5/29): perl-5.16.3-295.el7.x8 3% [-                   ] 480 kB/s | 531 kB  00:00:26 ETA (5/29): perl-5.16.3-295.el7.x8 4% [-                   ] 475 kB/s | 655 kB  00:00:26 ETA (4/29): perl-File-Temp-0.23.01-3.el7.noarch.rpm                   |  56 kB  00:00:00     
(5/29): perl-Exporter-5.68-3.el7.noarch.rpm                       |  28 kB  00:00:00     
(8/29): perl-Encode-2.51-7.el7 9% [=-                  ] 578 kB/s | 1.3 MB  00:00:21 ETA (6/29): perl-Getopt-Long-2.40-3.el7.noarch.rpm                    |  56 kB  00:00:00     
(7/29): perl-Filter-1.49-3.el7.x86_64.rpm                         |  76 kB  00:00:00     
(10/29): perl-Encode-2.51-7.e 12% [==-                 ] 622 kB/s | 1.7 MB  00:00:18 ETA (8/29): perl-HTTP-Tiny-0.033-3.el7.noarch.rpm                     |  38 kB  00:00:00     
(9/29): perl-Pod-Escapes-1.04-295.el7.noarch.rpm                  |  51 kB  00:00:00     
(12/29): perl-Encode-2.51-7.e 15% [===                 ] 664 kB/s | 2.1 MB  00:00:17 ETA (10/29): perl-PathTools-3.40-5.el7.x86_64.rpm                     |  82 kB  00:00:00     
(13/29): perl-Encode-2.51-7.e 18% [===-                ] 685 kB/s | 2.4 MB  00:00:16 ETA (11/29): perl-Pod-Perldoc-3.20-4.el7.noarch.rpm                   |  87 kB  00:00:00     
(15/29): perl-Pod-Simple-3.28 20% [====                ] 715 kB/s | 2.8 MB  00:00:14 ETA (12/29): perl-Pod-Usage-1.63-3.el7.noarch.rpm                     |  27 kB  00:00:00     
(16/29): perl-Pod-Simple-3.28 23% [====-               ] 745 kB/s | 3.1 MB  00:00:13 ETA (13/29): perl-Scalar-List-Utils-1.27-248.el7.x86_64.rpm           |  36 kB  00:00:00     
(17/29): perl-Pod-Simple-3.28 26% [=====               ] 774 kB/s | 3.5 MB  00:00:12 ETA (14/29): perl-Socket-2.010-5.el7.x86_64.rpm                       |  49 kB  00:00:00     
(18/29): perl-Pod-Simple-3.28 29% [=====-              ] 799 kB/s | 3.9 MB  00:00:11 ETA (15/29): mc-4.8.7-11.el7.x86_64.rpm                               | 1.7 MB  00:00:04     
(16/29): perl-Storable-2.45-3.el7.x86_64.rpm                      |  77 kB  00:00:00     
(21/29): perl-Time-HiRes-1.97 32% [======              ] 823 kB/s | 4.2 MB  00:00:11 ETA (17/29): perl-Pod-Simple-3.28-4.el7.noarch.rpm                    | 216 kB  00:00:01     
(18/29): perl-Text-ParseWords-3.29-4.el7.noarch.rpm               |  14 kB  00:00:00     
(19/29): perl-Time-HiRes-1.9725-3.el7.x86_64.rpm                  |  45 kB  00:00:00     
(20/29): perl-constant-1.27-2.el7.noarch.rpm                      |  19 kB  00:00:00     
(25/29): perl-macros-5.16.3-2 35% [=======             ] 845 kB/s | 4.7 MB  00:00:10 ETA (21/29): perl-Time-Local-1.2300-2.el7.noarch.rpm                  |  24 kB  00:00:00     
(22/29): perl-macros-5.16.3-295.el7.x86_64.rpm                    |  44 kB  00:00:00     
(23/29): perl-podlators-2.5.1-3.el7.noarch.rpm                    | 112 kB  00:00:00     
(24/29): perl-parent-0.225-244.el7.noarch.rpm                     |  12 kB  00:00:00     
(29/29): perl-threads-shared- 38% [=======-            ] 881 kB/s | 5.1 MB  00:00:09 ETA (25/29): perl-threads-1.87-4.el7.x86_64.rpm                       |  49 kB  00:00:00     
(26/29): perl-5.16.3-295.el7. 41% [========            ] 886 kB/s | 5.4 MB  00:00:08 ETA (26/29): perl-threads-shared-1.43-6.el7.x86_64.rpm                |  39 kB  00:00:00     
(27/29): perl-5.16.3-295.el7. 43% [========-           ] 909 kB/s | 5.8 MB  00:00:08 ETA (27/29): perl-5.16.3-295.el7. 46% [=========           ] 923 kB/s | 6.1 MB  00:00:07 ETA (27/29): perl-5.16.3-295.el7. 49% [=========-          ] 941 kB/s | 6.5 MB  00:00:07 ETA (28/29): perl-Encode-2.51-7.e 52% [==========          ] 957 kB/s | 6.9 MB  00:00:06 ETA (28/29): perl-Encode-2.51-7.e 55% [===========         ] 970 kB/s | 7.2 MB  00:00:06 ETA (28/29): perl-Encode-2.51-7.e 57% [===========-        ] 988 kB/s | 7.6 MB  00:00:05 ETA (27/29): perl-libs-5.16.3-295.el7.x86_64.rpm                      | 689 kB  00:00:03     
(29/29): perl-Encode-2.51-7.e 60% [============        ] 1.0 MB/s | 8.0 MB  00:00:05 ETA (28/29): perl-5.16.3-295.el7. 63% [============-       ] 1.0 MB/s | 8.3 MB  00:00:04 ETA (28/29): perl-Encode-2.51-7.el7.x86_64.rpm                        | 1.5 MB  00:00:07     
(29/29): perl-5.16.3-295.el7. 67% [=============-      ] 1.0 MB/s | 8.9 MB  00:00:04 ETA (29/29): perl-5.16.3-295.el7. 70% [==============      ] 1.0 MB/s | 9.3 MB  00:00:03 ETA (29/29): perl-5.16.3-295.el7. 73% [==============-     ] 1.0 MB/s | 9.6 MB  00:00:03 ETA (29/29): perl-5.16.3-295.el7. 76% [===============     ] 1.1 MB/s |  10 MB  00:00:02 ETA (29/29): perl-5.16.3-295.el7. 78% [===============-    ] 1.1 MB/s |  10 MB  00:00:02 ETA (29/29): perl-5.16.3-295.el7. 81% [================    ] 1.1 MB/s |  11 MB  00:00:02 ETA (29/29): perl-5.16.3-295.el7. 84% [================-   ] 1.1 MB/s |  11 MB  00:00:01 ETA (29/29): perl-5.16.3-295.el7. 86% [=================   ] 1.1 MB/s |  11 MB  00:00:01 ETA (29/29): perl-5.16.3-295.el7. 89% [=================-  ] 1.1 MB/s |  12 MB  00:00:01 ETA (29/29): perl-5.16.3-295.el7. 92% [==================  ] 1.1 MB/s |  12 MB  00:00:00 ETA (29/29): perl-5.16.3-295.el7. 95% [=================== ] 1.1 MB/s |  12 MB  00:00:00 ETA (29/29): perl-5.16.3-295.el7. 97% [===================-] 1.1 MB/s |  13 MB  00:00:00 ETA (29/29): perl-5.16.3-295.el7.x86_64.rpm                           | 8.0 MB  00:00:11     
-----------------------------------------------------------------------------------------
Total                                                       1.1 MB/s |  13 MB  00:12     
Running transaction check
Running transaction test
Transaction test succeeded
Running transaction
  Installing : 1:perl-parent-0.225-244.el7.noar [                                ]  1/29  Installing : 1:perl-parent-0.225-244.el7.noar [#########                       ]  1/29  Installing : 1:perl-parent-0.225-244.el7.noar [####################            ]  1/29  Installing : 1:perl-parent-0.225-244.el7.noar [############################### ]  1/29  Installing : 1:perl-parent-0.225-244.el7.noarch                                   1/29 
  Installing : perl-HTTP-Tiny-0.033-3.el7.noarc [                                ]  2/29  Installing : perl-HTTP-Tiny-0.033-3.el7.noarc [##                              ]  2/29  Installing : perl-HTTP-Tiny-0.033-3.el7.noarc [########                        ]  2/29  Installing : perl-HTTP-Tiny-0.033-3.el7.noarc [##############                  ]  2/29  Installing : perl-HTTP-Tiny-0.033-3.el7.noarc [################                ]  2/29  Installing : perl-HTTP-Tiny-0.033-3.el7.noarc [#################               ]  2/29  Installing : perl-HTTP-Tiny-0.033-3.el7.noarc [############################### ]  2/29  Installing : perl-HTTP-Tiny-0.033-3.el7.noarch                                    2/29 
  Installing : perl-podlators-2.5.1-3.el7.noarc [                                ]  3/29  Installing : perl-podlators-2.5.1-3.el7.noarc [#                               ]  3/29  Installing : perl-podlators-2.5.1-3.el7.noarc [##                              ]  3/29  Installing : perl-podlators-2.5.1-3.el7.noarc [#########                       ]  3/29  Installing : perl-podlators-2.5.1-3.el7.noarc [##########                      ]  3/29  Installing : perl-podlators-2.5.1-3.el7.noarc [###########                     ]  3/29  Installing : perl-podlators-2.5.1-3.el7.noarc [############                    ]  3/29  Installing : perl-podlators-2.5.1-3.el7.noarc [#############                   ]  3/29  Installing : perl-podlators-2.5.1-3.el7.noarc [##############                  ]  3/29  Installing : perl-podlators-2.5.1-3.el7.noarc [###############                 ]  3/29  Installing : perl-podlators-2.5.1-3.el7.noarc [################                ]  3/29  Installing : perl-podlators-2.5.1-3.el7.noarc [#################               ]  3/29  Installing : perl-podlators-2.5.1-3.el7.noarc [########################        ]  3/29  Installing : perl-podlators-2.5.1-3.el7.noarc [#########################       ]  3/29  Installing : perl-podlators-2.5.1-3.el7.noarc [#############################   ]  3/29  Installing : perl-podlators-2.5.1-3.el7.noarc [##############################  ]  3/29  Installing : perl-podlators-2.5.1-3.el7.noarc [############################### ]  3/29  Installing : perl-podlators-2.5.1-3.el7.noarch                                    3/29 
  Installing : perl-Pod-Perldoc-3.20-4.el7.noar [                                ]  4/29  Installing : perl-Pod-Perldoc-3.20-4.el7.noar [##                              ]  4/29  Installing : perl-Pod-Perldoc-3.20-4.el7.noar [###                             ]  4/29  Installing : perl-Pod-Perldoc-3.20-4.el7.noar [####                            ]  4/29  Installing : perl-Pod-Perldoc-3.20-4.el7.noar [#####                           ]  4/29  Installing : perl-Pod-Perldoc-3.20-4.el7.noar [######                          ]  4/29  Installing : perl-Pod-Perldoc-3.20-4.el7.noar [#######                         ]  4/29  Installing : perl-Pod-Perldoc-3.20-4.el7.noar [########                        ]  4/29  Installing : perl-Pod-Perldoc-3.20-4.el7.noar [#########                       ]  4/29  Installing : perl-Pod-Perldoc-3.20-4.el7.noar [##########                      ]  4/29  Installing : perl-Pod-Perldoc-3.20-4.el7.noar [#####################           ]  4/29  Installing : perl-Pod-Perldoc-3.20-4.el7.noar [######################          ]  4/29  Installing : perl-Pod-Perldoc-3.20-4.el7.noar [#######################         ]  4/29  Installing : perl-Pod-Perldoc-3.20-4.el7.noar [########################        ]  4/29  Installing : perl-Pod-Perldoc-3.20-4.el7.noar [##########################      ]  4/29  Installing : perl-Pod-Perldoc-3.20-4.el7.noar [###########################     ]  4/29  Installing : perl-Pod-Perldoc-3.20-4.el7.noar [############################    ]  4/29  Installing : perl-Pod-Perldoc-3.20-4.el7.noar [#############################   ]  4/29  Installing : perl-Pod-Perldoc-3.20-4.el7.noar [##############################  ]  4/29  Installing : perl-Pod-Perldoc-3.20-4.el7.noar [############################### ]  4/29  Installing : perl-Pod-Perldoc-3.20-4.el7.noarch                                   4/29 
  Installing : 1:perl-Pod-Escapes-1.04-295.el7. [                                ]  5/29  Installing : 1:perl-Pod-Escapes-1.04-295.el7. [#####                           ]  5/29  Installing : 1:perl-Pod-Escapes-1.04-295.el7. [############################### ]  5/29  Installing : 1:perl-Pod-Escapes-1.04-295.el7.noarch                               5/29 
  Installing : perl-Text-ParseWords-3.29-4.el7. [                                ]  6/29  Installing : perl-Text-ParseWords-3.29-4.el7. [#                               ]  6/29  Installing : perl-Text-ParseWords-3.29-4.el7. [####                            ]  6/29  Installing : perl-Text-ParseWords-3.29-4.el7. [#########                       ]  6/29  Installing : perl-Text-ParseWords-3.29-4.el7. [################                ]  6/29  Installing : perl-Text-ParseWords-3.29-4.el7. [############################### ]  6/29  Installing : perl-Text-ParseWords-3.29-4.el7.noarch                               6/29 
  Installing : perl-Encode-2.51-7.el7.x86_64 [                                   ]  7/29  Installing : perl-Encode-2.51-7.el7.x86_64 [#                                  ]  7/29  Installing : perl-Encode-2.51-7.el7.x86_64 [##                                 ]  7/29  Installing : perl-Encode-2.51-7.el7.x86_64 [###                                ]  7/29  Installing : perl-Encode-2.51-7.el7.x86_64 [####                               ]  7/29  Installing : perl-Encode-2.51-7.el7.x86_64 [#####                              ]  7/29  Installing : perl-Encode-2.51-7.el7.x86_64 [######                             ]  7/29  Installing : perl-Encode-2.51-7.el7.x86_64 [#######                            ]  7/29  Installing : perl-Encode-2.51-7.el7.x86_64 [########                           ]  7/29  Installing : perl-Encode-2.51-7.el7.x86_64 [#########                          ]  7/29  Installing : perl-Encode-2.51-7.el7.x86_64 [##########                         ]  7/29  Installing : perl-Encode-2.51-7.el7.x86_64 [###########                        ]  7/29  Installing : perl-Encode-2.51-7.el7.x86_64 [############                       ]  7/29  Installing : perl-Encode-2.51-7.el7.x86_64 [#############                      ]  7/29  Installing : perl-Encode-2.51-7.el7.x86_64 [##############                     ]  7/29  Installing : perl-Encode-2.51-7.el7.x86_64 [###############                    ]  7/29  Installing : perl-Encode-2.51-7.el7.x86_64 [################                   ]  7/29  Installing : perl-Encode-2.51-7.el7.x86_64 [#################                  ]  7/29  Installing : perl-Encode-2.51-7.el7.x86_64 [##################                 ]  7/29  Installing : perl-Encode-2.51-7.el7.x86_64 [###################                ]  7/29  Installing : perl-Encode-2.51-7.el7.x86_64 [####################               ]  7/29  Installing : perl-Encode-2.51-7.el7.x86_64 [#####################              ]  7/29  Installing : perl-Encode-2.51-7.el7.x86_64 [######################             ]  7/29  Installing : perl-Encode-2.51-7.el7.x86_64 [#######################            ]  7/29  Installing : perl-Encode-2.51-7.el7.x86_64 [########################           ]  7/29  Installing : perl-Encode-2.51-7.el7.x86_64 [#########################          ]  7/29  Installing : perl-Encode-2.51-7.el7.x86_64 [##########################         ]  7/29  Installing : perl-Encode-2.51-7.el7.x86_64 [###########################        ]  7/29  Installing : perl-Encode-2.51-7.el7.x86_64 [############################       ]  7/29  Installing : perl-Encode-2.51-7.el7.x86_64 [#############################      ]  7/29  Installing : perl-Encode-2.51-7.el7.x86_64 [##############################     ]  7/29  Installing : perl-Encode-2.51-7.el7.x86_64 [###############################    ]  7/29  Installing : perl-Encode-2.51-7.el7.x86_64 [################################   ]  7/29  Installing : perl-Encode-2.51-7.el7.x86_64 [#################################  ]  7/29  Installing : perl-Encode-2.51-7.el7.x86_64 [################################## ]  7/29  Installing : perl-Encode-2.51-7.el7.x86_64                                        7/29 
  Installing : perl-Pod-Usage-1.63-3.el7.noarch [                                ]  8/29  Installing : perl-Pod-Usage-1.63-3.el7.noarch [##                              ]  8/29  Installing : perl-Pod-Usage-1.63-3.el7.noarch [####                            ]  8/29  Installing : perl-Pod-Usage-1.63-3.el7.noarch [######                          ]  8/29  Installing : perl-Pod-Usage-1.63-3.el7.noarch [########                        ]  8/29  Installing : perl-Pod-Usage-1.63-3.el7.noarch [#############                   ]  8/29  Installing : perl-Pod-Usage-1.63-3.el7.noarch [############################### ]  8/29  Installing : perl-Pod-Usage-1.63-3.el7.noarch                                     8/29 
  Installing : 4:perl-libs-5.16.3-295.el7.x86_6 [                                ]  9/29  Installing : 4:perl-libs-5.16.3-295.el7.x86_6 [##                              ]  9/29  Installing : 4:perl-libs-5.16.3-295.el7.x86_6 [###                             ]  9/29  Installing : 4:perl-libs-5.16.3-295.el7.x86_6 [####                            ]  9/29  Installing : 4:perl-libs-5.16.3-295.el7.x86_6 [######                          ]  9/29  Installing : 4:perl-libs-5.16.3-295.el7.x86_6 [#######                         ]  9/29  Installing : 4:perl-libs-5.16.3-295.el7.x86_6 [########                        ]  9/29  Installing : 4:perl-libs-5.16.3-295.el7.x86_6 [#########                       ]  9/29  Installing : 4:perl-libs-5.16.3-295.el7.x86_6 [###########                     ]  9/29  Installing : 4:perl-libs-5.16.3-295.el7.x86_6 [############                    ]  9/29  Installing : 4:perl-libs-5.16.3-295.el7.x86_6 [#############                   ]  9/29  Installing : 4:perl-libs-5.16.3-295.el7.x86_6 [###############                 ]  9/29  Installing : 4:perl-libs-5.16.3-295.el7.x86_6 [################                ]  9/29  Installing : 4:perl-libs-5.16.3-295.el7.x86_6 [#################               ]  9/29  Installing : 4:perl-libs-5.16.3-295.el7.x86_6 [##################              ]  9/29  Installing : 4:perl-libs-5.16.3-295.el7.x86_6 [####################            ]  9/29  Installing : 4:perl-libs-5.16.3-295.el7.x86_6 [#####################           ]  9/29  Installing : 4:perl-libs-5.16.3-295.el7.x86_6 [######################          ]  9/29  Installing : 4:perl-libs-5.16.3-295.el7.x86_6 [########################        ]  9/29  Installing : 4:perl-libs-5.16.3-295.el7.x86_6 [#########################       ]  9/29  Installing : 4:perl-libs-5.16.3-295.el7.x86_6 [##########################      ]  9/29  Installing : 4:perl-libs-5.16.3-295.el7.x86_6 [###########################     ]  9/29  Installing : 4:perl-libs-5.16.3-295.el7.x86_6 [#############################   ]  9/29  Installing : 4:perl-libs-5.16.3-295.el7.x86_6 [##############################  ]  9/29  Installing : 4:perl-libs-5.16.3-295.el7.x86_6 [############################### ]  9/29  Installing : 4:perl-libs-5.16.3-295.el7.x86_64                                    9/29 
  Installing : 4:perl-macros-5.16.3-295.el7.x86 [                                ] 10/29  Installing : 4:perl-macros-5.16.3-295.el7.x86 [############################### ] 10/29  Installing : 4:perl-macros-5.16.3-295.el7.x86_64                                 10/29 
  Installing : perl-Storable-2.45-3.el7.x86_64 [                                 ] 11/29  Installing : perl-Storable-2.45-3.el7.x86_64 [#######                          ] 11/29  Installing : perl-Storable-2.45-3.el7.x86_64 [###################              ] 11/29  Installing : perl-Storable-2.45-3.el7.x86_64 [#######################          ] 11/29  Installing : perl-Storable-2.45-3.el7.x86_64 [#############################    ] 11/29  Installing : perl-Storable-2.45-3.el7.x86_64 [##############################   ] 11/29  Installing : perl-Storable-2.45-3.el7.x86_64 [################################ ] 11/29  Installing : perl-Storable-2.45-3.el7.x86_64                                     11/29 
  Installing : perl-Exporter-5.68-3.el7.noarch [                                 ] 12/29  Installing : perl-Exporter-5.68-3.el7.noarch [##                               ] 12/29  Installing : perl-Exporter-5.68-3.el7.noarch [############                     ] 12/29  Installing : perl-Exporter-5.68-3.el7.noarch [#################                ] 12/29  Installing : perl-Exporter-5.68-3.el7.noarch [##################               ] 12/29  Installing : perl-Exporter-5.68-3.el7.noarch [#############################    ] 12/29  Installing : perl-Exporter-5.68-3.el7.noarch [################################ ] 12/29  Installing : perl-Exporter-5.68-3.el7.noarch                                     12/29 
  Installing : perl-constant-1.27-2.el7.noarch [                                 ] 13/29  Installing : perl-constant-1.27-2.el7.noarch [######                           ] 13/29  Installing : perl-constant-1.27-2.el7.noarch [########                         ] 13/29  Installing : perl-constant-1.27-2.el7.noarch [#########                        ] 13/29  Installing : perl-constant-1.27-2.el7.noarch [################                 ] 13/29  Installing : perl-constant-1.27-2.el7.noarch [################################ ] 13/29  Installing : perl-constant-1.27-2.el7.noarch                                     13/29 
  Installing : perl-Socket-2.010-5.el7.x86_64 [                                  ] 14/29  Installing : perl-Socket-2.010-5.el7.x86_64 [##########                        ] 14/29  Installing : perl-Socket-2.010-5.el7.x86_64 [#######################           ] 14/29  Installing : perl-Socket-2.010-5.el7.x86_64 [#########################         ] 14/29  Installing : perl-Socket-2.010-5.el7.x86_64 [##########################        ] 14/29  Installing : perl-Socket-2.010-5.el7.x86_64 [##############################    ] 14/29  Installing : perl-Socket-2.010-5.el7.x86_64 [################################# ] 14/29  Installing : perl-Socket-2.010-5.el7.x86_64                                      14/29 
  Installing : perl-Time-Local-1.2300-2.el7.noa [                                ] 15/29  Installing : perl-Time-Local-1.2300-2.el7.noa [#####                           ] 15/29  Installing : perl-Time-Local-1.2300-2.el7.noa [##################              ] 15/29  Installing : perl-Time-Local-1.2300-2.el7.noa [###################             ] 15/29  Installing : perl-Time-Local-1.2300-2.el7.noa [#######################         ] 15/29  Installing : perl-Time-Local-1.2300-2.el7.noa [############################### ] 15/29  Installing : perl-Time-Local-1.2300-2.el7.noarch                                 15/29 
  Installing : perl-Carp-1.26-244.el7.noarch [                                   ] 16/29  Installing : perl-Carp-1.26-244.el7.noarch [#                                  ] 16/29  Installing : perl-Carp-1.26-244.el7.noarch [###                                ] 16/29  Installing : perl-Carp-1.26-244.el7.noarch [#########                          ] 16/29  Installing : perl-Carp-1.26-244.el7.noarch [#################################  ] 16/29  Installing : perl-Carp-1.26-244.el7.noarch [################################## ] 16/29  Installing : perl-Carp-1.26-244.el7.noarch                                       16/29 
  Installing : 4:perl-Time-HiRes-1.9725-3.el7.x [                                ] 17/29  Installing : 4:perl-Time-HiRes-1.9725-3.el7.x [#######                         ] 17/29  Installing : 4:perl-Time-HiRes-1.9725-3.el7.x [###############                 ] 17/29  Installing : 4:perl-Time-HiRes-1.9725-3.el7.x [############################    ] 17/29  Installing : 4:perl-Time-HiRes-1.9725-3.el7.x [############################### ] 17/29  Installing : 4:perl-Time-HiRes-1.9725-3.el7.x86_64                               17/29 
  Installing : perl-PathTools-3.40-5.el7.x86_64 [                                ] 18/29  Installing : perl-PathTools-3.40-5.el7.x86_64 [###                             ] 18/29  Installing : perl-PathTools-3.40-5.el7.x86_64 [#####                           ] 18/29  Installing : perl-PathTools-3.40-5.el7.x86_64 [######                          ] 18/29  Installing : perl-PathTools-3.40-5.el7.x86_64 [#######                         ] 18/29  Installing : perl-PathTools-3.40-5.el7.x86_64 [###########                     ] 18/29  Installing : perl-PathTools-3.40-5.el7.x86_64 [############                    ] 18/29  Installing : perl-PathTools-3.40-5.el7.x86_64 [###############                 ] 18/29  Installing : perl-PathTools-3.40-5.el7.x86_64 [#################               ] 18/29  Installing : perl-PathTools-3.40-5.el7.x86_64 [###################             ] 18/29  Installing : perl-PathTools-3.40-5.el7.x86_64 [#########################       ] 18/29  Installing : perl-PathTools-3.40-5.el7.x86_64 [##########################      ] 18/29  Installing : perl-PathTools-3.40-5.el7.x86_64 [###########################     ] 18/29  Installing : perl-PathTools-3.40-5.el7.x86_64 [############################    ] 18/29  Installing : perl-PathTools-3.40-5.el7.x86_64 [#############################   ] 18/29  Installing : perl-PathTools-3.40-5.el7.x86_64 [##############################  ] 18/29  Installing : perl-PathTools-3.40-5.el7.x86_64 [############################### ] 18/29  Installing : perl-PathTools-3.40-5.el7.x86_64                                    18/29 
  Installing : perl-Scalar-List-Utils-1.27-248. [                                ] 19/29  Installing : perl-Scalar-List-Utils-1.27-248. [##                              ] 19/29  Installing : perl-Scalar-List-Utils-1.27-248. [###                             ] 19/29  Installing : perl-Scalar-List-Utils-1.27-248. [#######                         ] 19/29  Installing : perl-Scalar-List-Utils-1.27-248. [####################            ] 19/29  Installing : perl-Scalar-List-Utils-1.27-248. [##########################      ] 19/29  Installing : perl-Scalar-List-Utils-1.27-248. [############################    ] 19/29  Installing : perl-Scalar-List-Utils-1.27-248. [#############################   ] 19/29  Installing : perl-Scalar-List-Utils-1.27-248. [############################### ] 19/29  Installing : perl-Scalar-List-Utils-1.27-248.el7.x86_64                          19/29 
  Installing : perl-File-Temp-0.23.01-3.el7.noa [                                ] 20/29  Installing : perl-File-Temp-0.23.01-3.el7.noa [##                              ] 20/29  Installing : perl-File-Temp-0.23.01-3.el7.noa [######                          ] 20/29  Installing : perl-File-Temp-0.23.01-3.el7.noa [#############                   ] 20/29  Installing : perl-File-Temp-0.23.01-3.el7.noa [################                ] 20/29  Installing : perl-File-Temp-0.23.01-3.el7.noa [#############################   ] 20/29  Installing : perl-File-Temp-0.23.01-3.el7.noa [############################### ] 20/29  Installing : perl-File-Temp-0.23.01-3.el7.noarch                                 20/29 
  Installing : perl-File-Path-2.09-2.el7.noarch [                                ] 21/29  Installing : perl-File-Path-2.09-2.el7.noarch [###                             ] 21/29  Installing : perl-File-Path-2.09-2.el7.noarch [####                            ] 21/29  Installing : perl-File-Path-2.09-2.el7.noarch [#####                           ] 21/29  Installing : perl-File-Path-2.09-2.el7.noarch [##########                      ] 21/29  Installing : perl-File-Path-2.09-2.el7.noarch [############################### ] 21/29  Installing : perl-File-Path-2.09-2.el7.noarch                                    21/29 
  Installing : perl-threads-shared-1.43-6.el7.x [                                ] 22/29  Installing : perl-threads-shared-1.43-6.el7.x [#################               ] 22/29  Installing : perl-threads-shared-1.43-6.el7.x [#########################       ] 22/29  Installing : perl-threads-shared-1.43-6.el7.x [############################    ] 22/29  Installing : perl-threads-shared-1.43-6.el7.x [############################### ] 22/29  Installing : perl-threads-shared-1.43-6.el7.x86_64                               22/29 
  Installing : perl-threads-1.87-4.el7.x86_64 [                                  ] 23/29  Installing : perl-threads-1.87-4.el7.x86_64 [#############                     ] 23/29  Installing : perl-threads-1.87-4.el7.x86_64 [#########################         ] 23/29  Installing : perl-threads-1.87-4.el7.x86_64 [##########################        ] 23/29  Installing : perl-threads-1.87-4.el7.x86_64 [############################      ] 23/29  Installing : perl-threads-1.87-4.el7.x86_64 [#############################     ] 23/29  Installing : perl-threads-1.87-4.el7.x86_64 [################################# ] 23/29  Installing : perl-threads-1.87-4.el7.x86_64                                      23/29 
  Installing : perl-Filter-1.49-3.el7.x86_64 [                                   ] 24/29  Installing : perl-Filter-1.49-3.el7.x86_64 [##                                 ] 24/29  Installing : perl-Filter-1.49-3.el7.x86_64 [###                                ] 24/29  Installing : perl-Filter-1.49-3.el7.x86_64 [########                           ] 24/29  Installing : perl-Filter-1.49-3.el7.x86_64 [#########                          ] 24/29  Installing : perl-Filter-1.49-3.el7.x86_64 [##########                         ] 24/29  Installing : perl-Filter-1.49-3.el7.x86_64 [##############                     ] 24/29  Installing : perl-Filter-1.49-3.el7.x86_64 [#################                  ] 24/29  Installing : perl-Filter-1.49-3.el7.x86_64 [###################                ] 24/29  Installing : perl-Filter-1.49-3.el7.x86_64 [######################             ] 24/29  Installing : perl-Filter-1.49-3.el7.x86_64 [########################           ] 24/29  Installing : perl-Filter-1.49-3.el7.x86_64 [#########################          ] 24/29  Installing : perl-Filter-1.49-3.el7.x86_64 [##########################         ] 24/29  Installing : perl-Filter-1.49-3.el7.x86_64 [###########################        ] 24/29  Installing : perl-Filter-1.49-3.el7.x86_64 [#############################      ] 24/29  Installing : perl-Filter-1.49-3.el7.x86_64 [###############################    ] 24/29  Installing : perl-Filter-1.49-3.el7.x86_64 [################################   ] 24/29  Installing : perl-Filter-1.49-3.el7.x86_64 [#################################  ] 24/29  Installing : perl-Filter-1.49-3.el7.x86_64 [################################## ] 24/29  Installing : perl-Filter-1.49-3.el7.x86_64                                       24/29 
  Installing : 1:perl-Pod-Simple-3.28-4.el7.noa [                                ] 25/29  Installing : 1:perl-Pod-Simple-3.28-4.el7.noa [#                               ] 25/29  Installing : 1:perl-Pod-Simple-3.28-4.el7.noa [##                              ] 25/29  Installing : 1:perl-Pod-Simple-3.28-4.el7.noa [###                             ] 25/29  Installing : 1:perl-Pod-Simple-3.28-4.el7.noa [####                            ] 25/29  Installing : 1:perl-Pod-Simple-3.28-4.el7.noa [#####                           ] 25/29  Installing : 1:perl-Pod-Simple-3.28-4.el7.noa [######                          ] 25/29  Installing : 1:perl-Pod-Simple-3.28-4.el7.noa [#######                         ] 25/29  Installing : 1:perl-Pod-Simple-3.28-4.el7.noa [##########                      ] 25/29  Installing : 1:perl-Pod-Simple-3.28-4.el7.noa [###########                     ] 25/29  Installing : 1:perl-Pod-Simple-3.28-4.el7.noa [###############                 ] 25/29  Installing : 1:perl-Pod-Simple-3.28-4.el7.noa [################                ] 25/29  Installing : 1:perl-Pod-Simple-3.28-4.el7.noa [##################              ] 25/29  Installing : 1:perl-Pod-Simple-3.28-4.el7.noa [####################            ] 25/29  Installing : 1:perl-Pod-Simple-3.28-4.el7.noa [#####################           ] 25/29  Installing : 1:perl-Pod-Simple-3.28-4.el7.noa [#######################         ] 25/29  Installing : 1:perl-Pod-Simple-3.28-4.el7.noa [########################        ] 25/29  Installing : 1:perl-Pod-Simple-3.28-4.el7.noa [##########################      ] 25/29  Installing : 1:perl-Pod-Simple-3.28-4.el7.noa [###########################     ] 25/29  Installing : 1:perl-Pod-Simple-3.28-4.el7.noa [#############################   ] 25/29  Installing : 1:perl-Pod-Simple-3.28-4.el7.noa [##############################  ] 25/29  Installing : 1:perl-Pod-Simple-3.28-4.el7.noa [############################### ] 25/29  Installing : 1:perl-Pod-Simple-3.28-4.el7.noarch                                 25/29 
  Installing : perl-Getopt-Long-2.40-3.el7.noar [                                ] 26/29  Installing : perl-Getopt-Long-2.40-3.el7.noar [####                            ] 26/29  Installing : perl-Getopt-Long-2.40-3.el7.noar [#####                           ] 26/29  Installing : perl-Getopt-Long-2.40-3.el7.noar [######                          ] 26/29  Installing : perl-Getopt-Long-2.40-3.el7.noar [#######                         ] 26/29  Installing : perl-Getopt-Long-2.40-3.el7.noar [########                        ] 26/29  Installing : perl-Getopt-Long-2.40-3.el7.noar [############                    ] 26/29  Installing : perl-Getopt-Long-2.40-3.el7.noar [###########################     ] 26/29  Installing : perl-Getopt-Long-2.40-3.el7.noar [############################### ] 26/29  Installing : perl-Getopt-Long-2.40-3.el7.noarch                                  26/29 
  Installing : 4:perl-5.16.3-295.el7.x86_64 [                                    ] 27/29  Installing : 4:perl-5.16.3-295.el7.x86_64 [#                                   ] 27/29  Installing : 4:perl-5.16.3-295.el7.x86_64 [##                                  ] 27/29  Installing : 4:perl-5.16.3-295.el7.x86_64 [###                                 ] 27/29  Installing : 4:perl-5.16.3-295.el7.x86_64 [####                                ] 27/29  Installing : 4:perl-5.16.3-295.el7.x86_64 [#####                               ] 27/29  Installing : 4:perl-5.16.3-295.el7.x86_64 [######                              ] 27/29  Installing : 4:perl-5.16.3-295.el7.x86_64 [#######                             ] 27/29  Installing : 4:perl-5.16.3-295.el7.x86_64 [########                            ] 27/29  Installing : 4:perl-5.16.3-295.el7.x86_64 [#########                           ] 27/29  Installing : 4:perl-5.16.3-295.el7.x86_64 [##########                          ] 27/29  Installing : 4:perl-5.16.3-295.el7.x86_64 [###########                         ] 27/29  Installing : 4:perl-5.16.3-295.el7.x86_64 [############                        ] 27/29  Installing : 4:perl-5.16.3-295.el7.x86_64 [#############                       ] 27/29  Installing : 4:perl-5.16.3-295.el7.x86_64 [##############                      ] 27/29  Installing : 4:perl-5.16.3-295.el7.x86_64 [###############                     ] 27/29  Installing : 4:perl-5.16.3-295.el7.x86_64 [################                    ] 27/29  Installing : 4:perl-5.16.3-295.el7.x86_64 [#################                   ] 27/29  Installing : 4:perl-5.16.3-295.el7.x86_64 [##################                  ] 27/29  Installing : 4:perl-5.16.3-295.el7.x86_64 [###################                 ] 27/29  Installing : 4:perl-5.16.3-295.el7.x86_64 [####################                ] 27/29  Installing : 4:perl-5.16.3-295.el7.x86_64 [#####################               ] 27/29  Installing : 4:perl-5.16.3-295.el7.x86_64 [######################              ] 27/29  Installing : 4:perl-5.16.3-295.el7.x86_64 [#######################             ] 27/29  Installing : 4:perl-5.16.3-295.el7.x86_64 [########################            ] 27/29  Installing : 4:perl-5.16.3-295.el7.x86_64 [#########################           ] 27/29  Installing : 4:perl-5.16.3-295.el7.x86_64 [##########################          ] 27/29  Installing : 4:perl-5.16.3-295.el7.x86_64 [###########################         ] 27/29  Installing : 4:perl-5.16.3-295.el7.x86_64 [############################        ] 27/29  Installing : 4:perl-5.16.3-295.el7.x86_64 [#############################       ] 27/29  Installing : 4:perl-5.16.3-295.el7.x86_64 [##############################      ] 27/29  Installing : 4:perl-5.16.3-295.el7.x86_64 [###############################     ] 27/29  Installing : 4:perl-5.16.3-295.el7.x86_64 [################################    ] 27/29  Installing : 4:perl-5.16.3-295.el7.x86_64 [#################################   ] 27/29  Installing : 4:perl-5.16.3-295.el7.x86_64 [##################################  ] 27/29  Installing : 4:perl-5.16.3-295.el7.x86_64 [################################### ] 27/29  Installing : 4:perl-5.16.3-295.el7.x86_64                                        27/29 
  Installing : gpm-libs-1.20.7-6.el7.x86_64 [                                    ] 28/29  Installing : gpm-libs-1.20.7-6.el7.x86_64 [################################### ] 28/29  Installing : gpm-libs-1.20.7-6.el7.x86_64                                        28/29 
  Installing : 1:mc-4.8.7-11.el7.x86_64 [                                        ] 29/29  Installing : 1:mc-4.8.7-11.el7.x86_64 [#                                       ] 29/29  Installing : 1:mc-4.8.7-11.el7.x86_64 [##                                      ] 29/29  Installing : 1:mc-4.8.7-11.el7.x86_64 [###                                     ] 29/29  Installing : 1:mc-4.8.7-11.el7.x86_64 [####                                    ] 29/29  Installing : 1:mc-4.8.7-11.el7.x86_64 [#####                                   ] 29/29  Installing : 1:mc-4.8.7-11.el7.x86_64 [######                                  ] 29/29  Installing : 1:mc-4.8.7-11.el7.x86_64 [#######                                 ] 29/29  Installing : 1:mc-4.8.7-11.el7.x86_64 [########                                ] 29/29  Installing : 1:mc-4.8.7-11.el7.x86_64 [#########                               ] 29/29  Installing : 1:mc-4.8.7-11.el7.x86_64 [##########                              ] 29/29  Installing : 1:mc-4.8.7-11.el7.x86_64 [###########                             ] 29/29  Installing : 1:mc-4.8.7-11.el7.x86_64 [############                            ] 29/29  Installing : 1:mc-4.8.7-11.el7.x86_64 [#############                           ] 29/29  Installing : 1:mc-4.8.7-11.el7.x86_64 [##############                          ] 29/29  Installing : 1:mc-4.8.7-11.el7.x86_64 [###############                         ] 29/29  Installing : 1:mc-4.8.7-11.el7.x86_64 [################                        ] 29/29  Installing : 1:mc-4.8.7-11.el7.x86_64 [#################                       ] 29/29  Installing : 1:mc-4.8.7-11.el7.x86_64 [##################                      ] 29/29  Installing : 1:mc-4.8.7-11.el7.x86_64 [###################                     ] 29/29  Installing : 1:mc-4.8.7-11.el7.x86_64 [####################                    ] 29/29  Installing : 1:mc-4.8.7-11.el7.x86_64 [#####################                   ] 29/29  Installing : 1:mc-4.8.7-11.el7.x86_64 [######################                  ] 29/29  Installing : 1:mc-4.8.7-11.el7.x86_64 [#######################                 ] 29/29  Installing : 1:mc-4.8.7-11.el7.x86_64 [########################                ] 29/29  Installing : 1:mc-4.8.7-11.el7.x86_64 [#########################               ] 29/29  Installing : 1:mc-4.8.7-11.el7.x86_64 [##########################              ] 29/29  Installing : 1:mc-4.8.7-11.el7.x86_64 [###########################             ] 29/29  Installing : 1:mc-4.8.7-11.el7.x86_64 [############################            ] 29/29  Installing : 1:mc-4.8.7-11.el7.x86_64 [#############################           ] 29/29  Installing : 1:mc-4.8.7-11.el7.x86_64 [##############################          ] 29/29  Installing : 1:mc-4.8.7-11.el7.x86_64 [###############################         ] 29/29  Installing : 1:mc-4.8.7-11.el7.x86_64 [################################        ] 29/29  Installing : 1:mc-4.8.7-11.el7.x86_64 [#################################       ] 29/29  Installing : 1:mc-4.8.7-11.el7.x86_64 [##################################      ] 29/29  Installing : 1:mc-4.8.7-11.el7.x86_64 [###################################     ] 29/29  Installing : 1:mc-4.8.7-11.el7.x86_64 [####################################    ] 29/29  Installing : 1:mc-4.8.7-11.el7.x86_64 [#####################################   ] 29/29  Installing : 1:mc-4.8.7-11.el7.x86_64 [######################################  ] 29/29  Installing : 1:mc-4.8.7-11.el7.x86_64 [####################################### ] 29/29  Installing : 1:mc-4.8.7-11.el7.x86_64                                            29/29 
  Verifying  : 1:mc-4.8.7-11.el7.x86_64                                             1/29 
  Verifying  : perl-HTTP-Tiny-0.033-3.el7.noarch                                    2/29 
  Verifying  : perl-threads-shared-1.43-6.el7.x86_64                                3/29 
  Verifying  : perl-Storable-2.45-3.el7.x86_64                                      4/29 
  Verifying  : 1:perl-Pod-Escapes-1.04-295.el7.noarch                               5/29 
  Verifying  : perl-Exporter-5.68-3.el7.noarch                                      6/29 
  Verifying  : perl-constant-1.27-2.el7.noarch                                      7/29 
  Verifying  : perl-PathTools-3.40-5.el7.x86_64                                     8/29 
  Verifying  : perl-Socket-2.010-5.el7.x86_64                                       9/29 
  Verifying  : 1:perl-parent-0.225-244.el7.noarch                                  10/29 
  Verifying  : 4:perl-libs-5.16.3-295.el7.x86_64                                   11/29 
  Verifying  : perl-File-Temp-0.23.01-3.el7.noarch                                 12/29 
  Verifying  : 1:perl-Pod-Simple-3.28-4.el7.noarch                                 13/29 
  Verifying  : perl-Time-Local-1.2300-2.el7.noarch                                 14/29 
  Verifying  : 4:perl-macros-5.16.3-295.el7.x86_64                                 15/29 
  Verifying  : 4:perl-5.16.3-295.el7.x86_64                                        16/29 
  Verifying  : perl-Carp-1.26-244.el7.noarch                                       17/29 
  Verifying  : 4:perl-Time-HiRes-1.9725-3.el7.x86_64                               18/29 
  Verifying  : perl-Scalar-List-Utils-1.27-248.el7.x86_64                          19/29 
  Verifying  : perl-Pod-Usage-1.63-3.el7.noarch                                    20/29 
  Verifying  : perl-Encode-2.51-7.el7.x86_64                                       21/29 
  Verifying  : perl-Pod-Perldoc-3.20-4.el7.noarch                                  22/29 
  Verifying  : perl-podlators-2.5.1-3.el7.noarch                                   23/29 
  Verifying  : perl-File-Path-2.09-2.el7.noarch                                    24/29 
  Verifying  : perl-threads-1.87-4.el7.x86_64                                      25/29 
  Verifying  : gpm-libs-1.20.7-6.el7.x86_64                                        26/29 
  Verifying  : perl-Filter-1.49-3.el7.x86_64                                       27/29 
  Verifying  : perl-Getopt-Long-2.40-3.el7.noarch                                  28/29 
  Verifying  : perl-Text-ParseWords-3.29-4.el7.noarch                              29/29 

Installed:
  mc.x86_64 1:4.8.7-11.el7                                                               

Dependency Installed:
  gpm-libs.x86_64 0:1.20.7-6.el7            perl.x86_64 4:5.16.3-295.el7                 
  perl-Carp.noarch 0:1.26-244.el7           perl-Encode.x86_64 0:2.51-7.el7              
  perl-Exporter.noarch 0:5.68-3.el7         perl-File-Path.noarch 0:2.09-2.el7           
  perl-File-Temp.noarch 0:0.23.01-3.el7     perl-Filter.x86_64 0:1.49-3.el7              
  perl-Getopt-Long.noarch 0:2.40-3.el7      perl-HTTP-Tiny.noarch 0:0.033-3.el7          
  perl-PathTools.x86_64 0:3.40-5.el7        perl-Pod-Escapes.noarch 1:1.04-295.el7       
  perl-Pod-Perldoc.noarch 0:3.20-4.el7      perl-Pod-Simple.noarch 1:3.28-4.el7          
  perl-Pod-Usage.noarch 0:1.63-3.el7        perl-Scalar-List-Utils.x86_64 0:1.27-248.el7 
  perl-Socket.x86_64 0:2.010-5.el7          perl-Storable.x86_64 0:2.45-3.el7            
  perl-Text-ParseWords.noarch 0:3.29-4.el7  perl-Time-HiRes.x86_64 4:1.9725-3.el7        
  perl-Time-Local.noarch 0:1.2300-2.el7     perl-constant.noarch 0:1.27-2.el7            
  perl-libs.x86_64 4:5.16.3-295.el7         perl-macros.x86_64 4:5.16.3-295.el7          
  perl-parent.noarch 1:0.225-244.el7        perl-podlators.noarch 0:2.5.1-3.el7          
  perl-threads.x86_64 0:1.87-4.el7          perl-threads-shared.x86_64 0:1.43-6.el7      

Complete!
]0;root@lvm:~[root@lvm ~]# lsblk
NAME                    MAJ:MIN RM  SIZE RO TYPE MOUNTPOINT
sda                       8:0    0   40G  0 disk 
├─sda1                    8:1    0    1M  0 part 
├─sda2                    8:2    0    1G  0 part /boot
└─sda3                    8:3    0   39G  0 part 
  ├─VolGroup00-LogVol00 253:0    0 37.5G  0 lvm  /
  └─VolGroup00-LogVol01 253:1    0  1.5G  0 lvm  [SWAP]
sdb                       8:16   0   10G  0 disk 
sdc                       8:32   0    2G  0 disk 
sdd                       8:48   0    1G  0 disk 
sde                       8:64   0    1G  0 disk 
]0;root@lvm:~[root@lvm ~]# pvcreate /dev/sdb
  Physical volume "/dev/sdb" successfully created.
]0;root@lvm:~[root@lvm ~]# vgcreate vg_root /dev/sdb
  Volume group "vg_root" successfully created
]0;root@lvm:~[root@lvm ~]# lvcreate -n lv_root -l +100%FREE /dev/vg_root
  Logical volume "lv_root" created.
]0;root@lvm:~[root@lvm ~]# mkfs.xfs /dev/vg_root/lv_root
meta-data=/dev/vg_root/lv_root   isize=512    agcount=4, agsize=655104 blks
         =                       sectsz=512   attr=2, projid32bit=1
         =                       crc=1        finobt=0, sparse=0
data     =                       bsize=4096   blocks=2620416, imaxpct=25
         =                       sunit=0      swidth=0 blks
naming   =version 2              bsize=4096   ascii-ci=0 ftype=1
log      =internal log           bsize=4096   blocks=2560, version=2
         =                       sectsz=512   sunit=0 blks, lazy-count=1
realtime =none                   extsz=4096   blocks=0, rtextents=0
]0;root@lvm:~[root@lvm ~]# lsblk
NAME                    MAJ:MIN RM  SIZE RO TYPE MOUNTPOINT
sda                       8:0    0   40G  0 disk 
├─sda1                    8:1    0    1M  0 part 
├─sda2                    8:2    0    1G  0 part /boot
└─sda3                    8:3    0   39G  0 part 
  ├─VolGroup00-LogVol00 253:0    0 37.5G  0 lvm  /
  └─VolGroup00-LogVol01 253:1    0  1.5G  0 lvm  [SWAP]
sdb                       8:16   0   10G  0 disk 
└─vg_root-lv_root       253:2    0   10G  0 lvm  
sdc                       8:32   0    2G  0 disk 
sdd                       8:48   0    1G  0 disk 
sde                       8:64   0    1G  0 disk 
]0;root@lvm:~[root@lvm ~]# mount /dev/vg_root/lv_root /mnt
]0;root@lvm:~[root@lvm ~]# xfsdump -J - /dev/VolGroup00/LogVol00 | xfsrestore -J - /mnt
xfsdump: using file dump (drive_simple) strategy
xfsdump: version 3.1.7 (dump format 3.0)
xfsrestore: using file dump (drive_simple) strategy
xfsrestore: version 3.1.7 (dump format 3.0)
xfsdump: level 0 dump of lvm:/
xfsdump: dump date: Thu Aug 13 09:40:13 2020
xfsdump: session id: de6ab83d-1d43-4a54-adcd-9d772ae86412
xfsdump: session label: ""
xfsrestore: searching media for dump
xfsdump: ino map phase 1: constructing initial dump list
xfsdump: ino map phase 2: skipping (no pruning necessary)
xfsdump: ino map phase 3: skipping (only one dump stream)
xfsdump: ino map construction complete
xfsdump: estimated dump size: 792462592 bytes
xfsdump: creating dump session media file 0 (media 0, file 0)
xfsdump: dumping ino map
xfsdump: dumping directories
xfsrestore: examining media file 0
xfsrestore: dump description: 
xfsrestore: hostname: lvm
xfsrestore: mount point: /
xfsrestore: volume: /dev/mapper/VolGroup00-LogVol00
xfsrestore: session time: Thu Aug 13 09:40:13 2020
xfsrestore: level: 0
xfsrestore: session label: ""
xfsrestore: media label: ""
xfsrestore: file system id: b60e9498-0baa-4d9f-90aa-069048217fee
xfsrestore: session id: de6ab83d-1d43-4a54-adcd-9d772ae86412
xfsrestore: media id: 83155c3a-76b5-4b9f-b9c5-adcd91cd83bc
xfsrestore: searching media for directory dump
xfsrestore: reading directories
xfsdump: dumping non-directory files
xfsrestore: 3132 directories and 26928 entries processed
xfsrestore: directory post-processing
xfsrestore: restoring non-directory files
xfsdump: ending media file
xfsdump: media file size 764475344 bytes
xfsdump: dump size (non-dir files) : 749306128 bytes
xfsdump: dump complete: 18 seconds elapsed
xfsdump: Dump Status: SUCCESS
xfsrestore: restore complete: 19 seconds elapsed
xfsrestore: Restore Status: SUCCESS
]0;root@lvm:~[root@lvm ~]# for i in /proc/ /sys/ /dev/ /run/ /boot/; do mount --bind $i /mnt/$i; done
]0;root@lvm:~[root@lvm ~]# chroot /mnt/
]0;root@lvm:/[?1034h[root@lvm /]# grub2-mkconfig -o /boot/grub2/grub.cfg
Generating grub configuration file ...
Found linux image: /boot/vmlinuz-3.10.0-862.2.3.el7.x86_64
Found initrd image: /boot/initramfs-3.10.0-862.2.3.el7.x86_64.img
done
]0;root@lvm:/[root@lvm /]# cd /boot ; for i in `ls initramfs-*img`; do dracut -v $i `echo $i|sed "s/in itramfs-//g;
> s/.img//g"` --force; done
Executing: /sbin/dracut -v initramfs-3.10.0-862.2.3.el7.x86_64.img 3.10.0-862.2.3.el7.x86_64 --force
dracut module 'busybox' will not be installed, because command 'busybox' could not be found!
dracut module 'crypt' will not be installed, because command 'cryptsetup' could not be found!
dracut module 'dmraid' will not be installed, because command 'dmraid' could not be found!
dracut module 'dmsquash-live-ntfs' will not be installed, because command 'ntfs-3g' could not be found!
dracut module 'multipath' will not be installed, because command 'multipath' could not be found!
dracut module 'busybox' will not be installed, because command 'busybox' could not be found!
dracut module 'crypt' will not be installed, because command 'cryptsetup' could not be found!
dracut module 'dmraid' will not be installed, because command 'dmraid' could not be found!
dracut module 'dmsquash-live-ntfs' will not be installed, because command 'ntfs-3g' could not be found!
dracut module 'multipath' will not be installed, because command 'multipath' could not be found!
*** Including module: bash ***
*** Including module: nss-softokn ***
*** Including module: i18n ***
*** Including module: drm ***
*** Including module: plymouth ***
*** Including module: dm ***
Skipping udev rule: 64-device-mapper.rules
Skipping udev rule: 60-persistent-storage-dm.rules
Skipping udev rule: 55-dm.rules
*** Including module: kernel-modules ***
Omitting driver floppy
*** Including module: lvm ***
Skipping udev rule: 64-device-mapper.rules
Skipping udev rule: 56-lvm.rules
Skipping udev rule: 60-persistent-storage-lvm.rules
*** Including module: qemu ***
*** Including module: resume ***
*** Including module: rootfs-block ***
*** Including module: terminfo ***
*** Including module: udev-rules ***
Skipping udev rule: 40-redhat-cpu-hotplug.rules
Skipping udev rule: 91-permissions.rules
*** Including module: biosdevname ***
*** Including module: systemd ***
*** Including module: usrmount ***
*** Including module: base ***
*** Including module: fs-lib ***
*** Including module: shutdown ***
*** Including modules done ***
*** Installing kernel module dependencies and firmware ***
*** Installing kernel module dependencies and firmware done ***
*** Resolving executable dependencies ***
*** Resolving executable dependencies done***
*** Hardlinking files ***
*** Hardlinking files done ***
*** Stripping files ***
*** Stripping files done ***
*** Generating early-microcode cpio image contents ***
*** No early-microcode cpio image needed ***
*** Store current command line parameters ***
*** Creating image file ***
*** Creating image file done ***
*** Creating initramfs image file '/boot/initramfs-3.10.0-862.2.3.el7.x86_64.img' done ***
]0;root@lvm:/boot[root@lvm boot]# mcedit /boot/grub2/grub,[K.cfg
[?1049h[1;24r[4l[24;1H(B[m[37m[40m(B[m[39;49m[K[?1049l[?1001s[?1002h[?1015h7[?47h[?1049h[1;24r[4l[?1h=(B[m[39m[49m[1;24r[H[2J[1;1H[30m[46mgrub.cfg           [----]  0 L:[  1+ 0   1/128] *(0   /3658b) 0035 0x023           [*][X][2;1H[37m[44m#[K
# DO NOT EDIT THIS FILE[K
#[K
# It is automatically generated by grub2-mkconfig using templates[K
# from /etc/grub.d and settings from /etc/default/grub[K
#[K
[K
### BEGIN /etc/grub.d/00_header ###[K
set pager=1[K
[K
if [ -s $prefix/grubenv ]; then[K
  load_env[K
fi[K
if [ "${next_entry}" ] ; then[K
   set default="${next_entry}"[K
   set next_entry=[K
   save_env next_entry[K
   set boot_once=true[K
else[K
   set default="${saved_entry}"[K
fi[K
[K
[1m[37m[40m 1(B[m[30m[46mHelp  [1m[37m[40m 2(B[m[30m[46mSave   [1m[37m[40m 3(B[m[30m[46mMark   [1m[37m[40m 4(B[m[30m[46mReplac [1m[37m[40m 5(B[m[30m[46mCopy   [1m[37m[40m 6(B[m[30m[46mMove   [1m[37m[40m 7(B[m[30m[46mSearch [1m[37m[40m 8(B[m[30m[46mDelete [1m[37m[40m 9(B[m[30m[46mPullDn [1m[37m[40m10(B[m[30m[46mQuit[K[2;1H[4;16H[47m                                                          [5;16H ┌───────────────────────[34m Search [30m───────────────────────┐ [6;16H │ Enter search string:                                 │ [7;16H │ [1m[30m[46m                                                    (B[m[30m[47m │ [8;16H ├──────────────────────────────────────────────────────┤ [9;16H │ (*) No[34mr[30mmal                [ ] Cas[34me[30m sensitive         │ [10;16H │ ( ) Re[34mg[30mular expression    [ ] [34mB[30mackwards              │ [11;16H │ ( ) He[34mx[30madecimal           [ ] In se[34ml[30mection           │ [12;16H │ ( ) Wil[34md[30mcard search       [ ] [34mW[30mhole words            │ [13;16H │                           [ ] [34mA[30mll charsets           │ [14;16H ├──────────────────────────────────────────────────────┤ [15;16H │           [< [34mO[30mK >] [ [34mF[30mind all ] [ [34mC[30mancel ]           │ [16;16H └──────────────────────────────────────────────────────┘ [17;16H                                                          [7;19H[46mr                                                   [7;20Hd.lvm[1;27H197 L:[ 84+16 100/128] *(2572/3658b) 0114 0x072
[37m[44m[K
[K
[K
[K
os --unrestricted $menuentry_id_option 'gnulinux-3.10.0-862.2.3.el7.x86_64-advanced-8ed33[7;1H[K[8;16H[K
[K
[K[11;16H[K
[K[13;3H[K
i0,msdos2  570897ca-e759-4c81-90cf-389da6eee4cc[K
[K[16;4H[K[17;4H[K
console=ttyS0,115200n8 net.ifnames=0 biosdevname=0 elevator=noop crashkernel=auto [1m[33m[42mrd.lvm(B[m[37m[44m.[19;4H[K
[K[21;2HLinux>CentOS Linux (3.10.0-862.2.3.el7.x86_64) 7 (Core)'; fi;
[K[18;83H7[?47h[?1h=[39m[49m[1;24r[H[2J[1;1H[30m[46mgrub.cfg           [----] 197 L:[ 84+16 100/128] *(2572/3658b) 0114 0x072                                         [*][X][2;1H[37m[44m[K
[K
[K
[K
os --unrestricted $menuentry_id_option 'gnulinux-3.10.0-862.2.3.el7.x86_64-advanced-8ed33b7f-cfd7-49dc-bab8-40e075a73c3b[7;1H[K
[K
[K
[K
[K
[K
[K
i0,msdos2  570897ca-e759-4c81-90cf-389da6eee4cc[K
[K
[K
[K
console=ttyS0,115200n8 net.ifnames=0 biosdevname=0 elevator=noop crashkernel=auto [1m[33m[42mrd.lvm(B[m[37m[44m.lv=VolGroup00/LogVol00 rd.lvm.l[19;1H[K
[K
 Linux>CentOS Linux (3.10.0-862.2.3.el7.x86_64) 7 (Core)'; fi;[K
[K
[K
[1m[37m[40m 1(B[m[30m[46mHelp      [1m[37m[40m 2(B[m[30m[46mSave      [1m[37m[40m 3(B[m[30m[46mMark      [1m[37m[40m 4(B[m[30m[46mReplac    [1m[37m[40m 5(B[m[30m[46mCopy      [1m[37m[40m 6(B[m[30m[46mMove      [1m[37m[40m 7(B[m[30m[46mSearch    [1m[37m[40m 8(B[m[30m[46mDelete    [1m[37m[40m 9(B[m[30m[46mPullDn    [1m[37m[40m10(B[m[30m[46mQuit[K[18;83H[1;29H8[25C3[10C00 0x064[18;83H[37m[44mrd.lvm[18;84H[1;29H[30m[46m9[25C4[9C046 0x02E[18;85H[1;27H200[25C5[9C108 0x06C[18;86H[1;29H1[25C6[10C1[5C76[18;87H[1;29H2[25C7[10C09 0x06D[18;88H[1;29H3[25C8[9C046 0x02E[18;89H[1;29H4[25C9[9C108 0x06C[18;90H[1;29H5[24C80[10C1[5C76[18;91H[1;29H6[25C1[9C061 0x03D[18;92H[1;29H7[25C2[10C86 0x056[18;93H[1;29H8[25C3[9C111 0x06F[18;94H[1;29H9[25C4[10C08[5CC[18;95H[1;28H10[25C5[9C071 0x047[18;96H[1;29H1[25C6[9C114 0x072[18;97H[1;29H2[25C7[11C1 0x06F[18;98H[1;29H3[25C8[11C7 0x075[18;99H[1;29H4[25C9[11C2[5C0[18;100H[1;29H5[24C90[9C048 0x03[18;101H[1;29H6[25C1[18;102H[1;29H7[25C2[11C7 0x02F[18;103H[1;29H8[25C3[10C76 0x04C[18;104H[1;29H9[25C4[9C111 0x06F[18;105H[1;28H20[25C5[10C03[5C7[18;106H[1;29H1[25C6[9C086 0x056[18;107H[1;29H2[25C7[9C111 0x06F[18;108H[1;29H3[25C8[10C08[5CC[18;109H[1;29H4[25C9[9C04[5C30[18;110H[1;29H5[23C600[18;111H[1;29H6[25C1[10C32 0x02[18;112H[1;29H7[25C2[9C114 0x072[18;113H[1;29H8[25C3[10C00 0x064[18;114H[1;29H9[25C4[9C046 0x02E[18;115H[1;28H30[25C5[9C108 0x06C[18;116H[1;29H1[25C6[10C1[5C76[18;117H[1;29H2[25C7[10C09 0x06D[18;118H[1;29H3[25C8[9C046 0x02E[18;119H[1;29H4[25C9[9C108 0x06C[18;120H[1;29H5[24C10[10C1[5C76[6;1H[37m[44ms --unrestricted $menuentry_id_option 'gnulinux-3.10.0-862.2.3.el7.x86_64-advanced-8ed33b7f-cfd7-49dc-bab8-40e075a73c3b'[14;1H0,msdos2  570897ca-e759-4c81-90cf-389da6eee4cc[K



onsole=ttyS0,115200n8 net.ifnames=0 biosdevname=0 elevator=noop crashkernel=auto rd.lvm.lv=VolGroup00/LogVol00 rd.lvm.lv[21;1HLinux>CentOS Linux (3.10.0-862.2.3.el7.x86_64) 7 (Core)'; fi;[K[18;120H[1;29H[30m[46m6[25C1[9C061 0x03D[6;1H[37m[44m --unrestricted $menuentry_id_option 'gnulinux-3.10.0-862.2.3.el7.x86_64-advanced-8ed33b7f-cfd7-49dc-bab8-40e075a73c3b'[K[14;1H,msdos2  570897ca-e759-4c81-90cf-389da6eee4cc[K



nsole=ttyS0,115200n8 net.ifnames=0 biosdevname=0 elevator=noop crashkernel=auto rd.lvm.lv=VolGroup00/LogVol00 rd.lvm.lv=[21;1Hinux>CentOS Linux (3.10.0-862.2.3.el7.x86_64) 7 (Core)'; fi;[K[18;120H[1;29H[30m[46m7[25C2[10C86 0x056[6;1H[37m[44m--unrestricted $menuentry_id_option 'gnulinux-3.10.0-862.2.3.el7.x86_64-advanced-8ed33b7f-cfd7-49dc-bab8-40e075a73c3b' {[14;1Hmsdos2  570897ca-e759-4c81-90cf-389da6eee4cc[K



sole=ttyS0,115200n8 net.ifnames=0 biosdevname=0 elevator=noop crashkernel=auto rd.lvm.lv=VolGroup00/LogVol00 rd.lvm.lv=V[21;1Hnux>CentOS Linux (3.10.0-862.2.3.el7.x86_64) 7 (Core)'; fi;[K[18;120H[1;29H[30m[46m8[25C3[9C111 0x06F[6;2H[37m[44munrestricted $menuentry_id_option 'gnulinux-3.10.0-862.2.3.el7.x86_64-advanced-8ed33b7f-cfd7-49dc-bab8-40e075a73c3b' {[K[14;1Hsdos2  570897ca-e759-4c81-90cf-389da6eee4cc[K



ole=ttyS0,115200n8 net.ifnames=0 biosdevname=0 elevator=noop crashkernel=auto rd.lvm.lv=VolGroup00/LogVol00 rd.lvm.lv=Vo[21;1Hux>CentOS Linux (3.10.0-862.2.3.el7.x86_64) 7 (Core)'; fi;[K[18;120H[1;29H[30m[46m9[25C4[10C08[5CC[6;1H[37m[44munrestricted $menuentry_id_option 'gnulinux-3.10.0-862.2.3.el7.x86_64-advanced-8ed33b7f-cfd7-49dc-bab8-40e075a73c3b' {[K[14;1Hdos2  570897ca-e759-4c81-90cf-389da6eee4cc[K



le=ttyS0,115200n8 net.ifnames=0 biosdevname=0 elevator=noop crashkernel=auto rd.lvm.lv=VolGroup00/LogVol00 rd.lvm.lv=Vol[21;1Hx>CentOS Linux (3.10.0-862.2.3.el7.x86_64) 7 (Core)'; fi;[K[18;120H[1;28H[30m[46m40[25C5[9C071 0x047[6;1H[37m[44mnrestricted $menuentry_id_option 'gnulinux-3.10.0-862.2.3.el7.x86_64-advanced-8ed33b7f-cfd7-49dc-bab8-40e075a73c3b' {[K[14;1Hos2  570897ca-e759-4c81-90cf-389da6eee4cc[K



e=ttyS0,115200n8 net.ifnames=0 biosdevname=0 elevator=noop crashkernel=auto rd.lvm.lv=VolGroup00/LogVol00 rd.lvm.lv=VolG[21;1H>CentOS Linux (3.10.0-862.2.3.el7.x86_64) 7 (Core)'; fi;[K[18;120H[1;29H[30m[46m1[25C6[9C114 0x072[6;1H[37m[44mrestricted $menuentry_id_option 'gnulinux-3.10.0-862.2.3.el7.x86_64-advanced-8ed33b7f-cfd7-49dc-bab8-40e075a73c3b' {[K[14;1Hs2  570897ca-e759-4c81-90cf-389da6eee4cc[K



=ttyS0,115200n8 net.ifnames=0 biosdevname=0 elevator=noop crashkernel=auto rd.lvm.lv=VolGroup00/LogVol00 rd.lvm.lv=VolGr[21;1HCentOS Linux (3.10.0-862.2.3.el7.x86_64) 7 (Core)'; fi;[K[18;120H[1;29H[30m[46m2[25C7[11C1 0x06F[6;1H[37m[44mestricted $menuentry_id_option 'gnulinux-3.10.0-862.2.3.el7.x86_64-advanced-8ed33b7f-cfd7-49dc-bab8-40e075a73c3b' {[K[14;1H2  570897ca-e759-4c81-90cf-389da6eee4cc[K



ttyS0,115200n8 net.ifnames=0 biosdevname=0 elevator=noop crashkernel=auto rd.lvm.lv=VolGroup00/LogVol00 rd.lvm.lv=VolGro[21;1HentOS Linux (3.10.0-862.2.3.el7.x86_64) 7 (Core)'; fi;[K[18;120H[1;29H[30m[46m3[25C8[11C7 0x075[6;1H[37m[44mstricted $menuentry_id_option 'gnulinux-3.10.0-862.2.3.el7.x86_64-advanced-8ed33b7f-cfd7-49dc-bab8-40e075a73c3b' {[K[14;1H  570897ca-e759-4c81-90cf-389da6eee4cc[K[18;2HyS0,115200n8 net.ifnames=0 biosdevname=0 elevator=noop crashkernel=auto rd.lvm.lv=VolGroup00/LogVol00 rd.lvm.lv=VolGrou[21;1HntOS Linux (3.10.0-862.2.3.el7.x86_64) 7 (Core)'; fi;[K[18;120H[1;29H[30m[46m4[25C9[11C2[5C0[6;1H[37m[44mtricted $menuentry_id_option 'gnulinux-3.10.0-862.2.3.el7.x86_64-advanced-8ed33b7f-cfd7-49dc-bab8-40e075a73c3b' {[K[14;2H570897ca-e759-4c81-90cf-389da6eee4cc[K



yS0,115200n8 net.ifnames=0 biosdevname=0 elevator=noop crashkernel=auto rd.lvm.lv=VolGroup00/LogVol00 rd.lvm.lv=VolGroup[21;1HtOS Linux (3.10.0-862.2.3.el7.x86_64) 7 (Core)'; fi;[K[18;120H[1;29H[30m[46m5[24C20[9C048 0x03[6;1H[37m[44mricted $menuentry_id_option 'gnulinux-3.10.0-862.2.3.el7.x86_64-advanced-8ed33b7f-cfd7-49dc-bab8-40e075a73c3b' {[K[14;1H570897ca-e759-4c81-90cf-389da6eee4cc[K



S0,115200n8 net.ifnames=0 biosdevname=0 elevator=noop crashkernel=auto rd.lvm.lv=VolGroup00/LogVol00 rd.lvm.lv=VolGroup0[21;1HOS Linux (3.10.0-862.2.3.el7.x86_64) 7 (Core)'; fi;[K[18;120H[1;29H[30m[46m6[25C1[6;1H[37m[44micted $menuentry_id_option 'gnulinux-3.10.0-862.2.3.el7.x86_64-advanced-8ed33b7f-cfd7-49dc-bab8-40e075a73c3b' {[K[14;1H70897ca-e759-4c81-90cf-389da6eee4cc[K



0,115200n8 net.ifnames=0 biosdevname=0 elevator=noop crashkernel=auto rd.lvm.lv=VolGroup00/LogVol00 rd.lvm.lv=VolGroup0


S Linux (3.10.0-862.2.3.el7.x86_64) 7 (Core)'; fi;[K[18;120H[1;29H[30m[46m7[25C2[11C7 0x02F[6;1H[37m[44mcted $menuentry_id_option 'gnulinux-3.10.0-862.2.3.el7.x86_64-advanced-8ed33b7f-cfd7-49dc-bab8-40e075a73c3b' {[K[14;1H0897ca-e759-4c81-90cf-389da6eee4cc[K



,115200n8 net.ifnames=0 biosdevname=0 elevator=noop crashkernel=auto rd.lvm.lv=VolGroup00/LogVol00 rd.lvm.lv=VolGroup00/[21;1H Linux (3.10.0-862.2.3.el7.x86_64) 7 (Core)'; fi;[K[18;120H[1;29H[30m[46m8[25C3[10C76 0x04C[6;1H[37m[44mted $menuentry_id_option 'gnulinux-3.10.0-862.2.3.el7.x86_64-advanced-8ed33b7f-cfd7-49dc-bab8-40e075a73c3b' {[K[14;1H897ca-e759-4c81-90cf-389da6eee4cc[K



115200n8 net.ifnames=0 biosdevname=0 elevator=noop crashkernel=auto rd.lvm.lv=VolGroup00/LogVol00 rd.lvm.lv=VolGroup00/L[21;1HLinux (3.10.0-862.2.3.el7.x86_64) 7 (Core)'; fi;[K[18;120H[1;29H[30m[46m9[25C4[9C111 0x06F[6;1H[37m[44med $menuentry_id_option 'gnulinux-3.10.0-862.2.3.el7.x86_64-advanced-8ed33b7f-cfd7-49dc-bab8-40e075a73c3b' {[K[14;1H97ca-e759-4c81-90cf-389da6eee4cc[K[18;2H5200n8 net.ifnames=0 biosdevname=0 elevator=noop crashkernel=auto rd.lvm.lv=VolGroup00/LogVol00 rd.lvm.lv=VolGroup00/Lo[21;1Hinux (3.10.0-862.2.3.el7.x86_64) 7 (Core)'; fi;[K[18;120H[1;28H[30m[46m50[25C5[10C03[5C7[6;1H[37m[44md $menuentry_id_option 'gnulinux-3.10.0-862.2.3.el7.x86_64-advanced-8ed33b7f-cfd7-49dc-bab8-40e075a73c3b' {[K[14;1H7ca-e759-4c81-90cf-389da6eee4cc[K



5200n8 net.ifnames=0 biosdevname=0 elevator=noop crashkernel=auto rd.lvm.lv=VolGroup00/LogVol00 rd.lvm.lv=VolGroup00/Log[21;1Hnux (3.10.0-862.2.3.el7.x86_64) 7 (Core)'; fi;[K[18;120H[1;29H[30m[46m1[25C6[9C086 0x056[6;1H[37m[44m $menuentry_id_option 'gnulinux-3.10.0-862.2.3.el7.x86_64-advanced-8ed33b7f-cfd7-49dc-bab8-40e075a73c3b' {[K[14;1Hca-e759-4c81-90cf-389da6eee4cc[K



200n8 net.ifnames=0 biosdevname=0 elevator=noop crashkernel=auto rd.lvm.lv=VolGroup00/LogVol00 rd.lvm.lv=VolGroup00/LogV[21;1Hux (3.10.0-862.2.3.el7.x86_64) 7 (Core)'; fi;[K[18;120H[1;29H[30m[46m2[25C7[9C111 0x06F[6;1H[37m[44m$menuentry_id_option 'gnulinux-3.10.0-862.2.3.el7.x86_64-advanced-8ed33b7f-cfd7-49dc-bab8-40e075a73c3b' {[K[14;1Ha-e759-4c81-90cf-389da6eee4cc[K



00n8 net.ifnames=0 biosdevname=0 elevator=noop crashkernel=auto rd.lvm.lv=VolGroup00/LogVol00 rd.lvm.lv=VolGroup00/LogVo[21;1Hx (3.10.0-862.2.3.el7.x86_64) 7 (Core)'; fi;[K[18;120H[1;29H[30m[46m3[25C8[10C08[5CC[6;1H[37m[44mmenuentry_id_option 'gnulinux-3.10.0-862.2.3.el7.x86_64-advanced-8ed33b7f-cfd7-49dc-bab8-40e075a73c3b' {[K[14;1H-e759-4c81-90cf-389da6eee4cc[K[18;2Hn8 net.ifnames=0 biosdevname=0 elevator=noop crashkernel=auto rd.lvm.lv=VolGroup00/LogVol00 rd.lvm.lv=VolGroup00/LogVol[21;1H (3.10.0-862.2.3.el7.x86_64) 7 (Core)'; fi;[K[18;120H[1;29H[30m[46m4[25C9[9C04[5C30[6;1H[37m[44menuentry_id_option 'gnulinux-3.10.0-862.2.3.el7.x86_64-advanced-8ed33b7f-cfd7-49dc-bab8-40e075a73c3b' {[K[14;1He759-4c81-90cf-389da6eee4cc[K



n8 net.ifnames=0 biosdevname=0 elevator=noop crashkernel=auto rd.lvm.lv=VolGroup00/LogVol00 rd.lvm.lv=VolGroup00/LogVol0[21;1H(3.10.0-862.2.3.el7.x86_64) 7 (Core)'; fi;[K[18;120H[1;29H[30m[46m5[24C30[11C9[5C1[6;1H[37m[44mnuentry_id_option 'gnulinux-3.10.0-862.2.3.el7.x86_64-advanced-8ed33b7f-cfd7-49dc-bab8-40e075a73c3b' {[K[14;1H759-4c81-90cf-389da6eee4cc[K



8 net.ifnames=0 biosdevname=0 elevator=noop crashkernel=auto rd.lvm.lv=VolGroup00/LogVol00 rd.lvm.lv=VolGroup00/LogVol01[21;1H3.10.0-862.2.3.el7.x86_64) 7 (Core)'; fi;[K[18;120H[1;29H[30m[46m6[25C1[10C32 0x020[6;1H[37m[44muentry_id_option 'gnulinux-3.10.0-862.2.3.el7.x86_64-advanced-8ed33b7f-cfd7-49dc-bab8-40e075a73c3b' {[K[14;1H59-4c81-90cf-389da6eee4cc[K



 net.ifnames=0 biosdevname=0 elevator=noop crashkernel=auto rd.lvm.lv=VolGroup00/LogVol00 rd.lvm.lv=VolGroup00/LogVol01[K


.10.0-862.2.3.el7.x86_64) 7 (Core)'; fi;[K[18;120H[1;29H[30m[46m7[25C2[9C114 0x072[6;1H[37m[44mentry_id_option 'gnulinux-3.10.0-862.2.3.el7.x86_64-advanced-8ed33b7f-cfd7-49dc-bab8-40e075a73c3b' {[K[14;1H9-4c81-90cf-389da6eee4cc[K



net.ifnames=0 biosdevname=0 elevator=noop crashkernel=auto rd.lvm.lv=VolGroup00/LogVol00 rd.lvm.lv=VolGroup00/LogVol01 r[21;1H10.0-862.2.3.el7.x86_64) 7 (Core)'; fi;[K[18;120H[1;29H[30m[46m8[25C3[10C0[5C68[6;1H[37m[44mntry_id_option 'gnulinux-3.10.0-862.2.3.el7.x86_64-advanced-8ed33b7f-cfd7-49dc-bab8-40e075a73c3b' {[K[14;1H-4c81-90cf-389da6eee4cc[K



et.ifnames=0 biosdevname=0 elevator=noop crashkernel=auto rd.lvm.lv=VolGroup00/LogVol00 rd.lvm.lv=VolGroup00/LogVol01 rh[21;1H0.0-862.2.3.el7.x86_64) 7 (Core)'; fi;[K[18;120H[1;29H[30m[46m9[25C4[11C3[5C7[6;1H[37m[44mtry_id_option 'gnulinux-3.10.0-862.2.3.el7.x86_64-advanced-8ed33b7f-cfd7-49dc-bab8-40e075a73c3b' {[K[14;1H4c81-90cf-389da6eee4cc[K



t.ifnames=0 biosdevname=0 elevator=noop crashkernel=auto rd.lvm.lv=VolGroup00/LogVol00 rd.lvm.lv=VolGroup00/LogVol01 rhg[21;1H.0-862.2.3.el7.x86_64) 7 (Core)'; fi;[K[18;120H[1;29H[30m[46m8[25C3[11C4[5C8[18;119H[1;29H7[25C2[10C1[5C72[18;118H[1;29H6[25C1[9C032 0x020[18;117H[1;29H5[25C0[10C49 0x031[18;116H[1;29H4[24C29[11C8[5C0[18;115H[1;29H3[25C8[9C10[5C6C[18;114H[1;29H2[25C7[10C11[5CF[18;113H[1;29H1[25C6[9C086 0x056[18;112H[1;29H0[25C5[9C103 0x067[18;111H[1;28H49[25C4[10C11[5CF[18;110H[1;29H8[25C3[9C076 0x04C[18;109H[1;29H7[25C2[10C47 0x02F[18;108H[1;29H6[25C1[11C8 0x030[18;107H[1;29H5[25C0[18;106H[1;29H4[24C19[9C112 0x07[18;105H[1;29H3[25C8[11C7[5C5[18;104H[1;29H2[25C7[11C1 0x06F[18;103H[1;29H1[25C6[11C4 0x072[18;102H[1;29H0[25C5[9C071 0x047[18;101H[1;28H39[25C4[9C108 0x06C[18;100H[1;29H8[25C3[10C11[5CF[18;99H[1;29H7[25C2[9C086 0x056[18;98H[1;29H6[25C1[10C61 0x03D[18;97H[1;29H5[25C0[9C118 0x076[18;96H[1;29H4[24C09[10C0[5C6C[18;95H[1;29H3[25C8[9C046 0x02E[18;94H[1;29H2[25C7[9C109 0x06D[18;93H[1;29H1[25C6[10C18 0x076[18;92H[1;29H0[25C5[10C0[5C6C[18;91H[1;28H29[25C4[9C046 0x02E[18;90H[1;29H8[25C3[9C100 0x064[18;89H[1;29H7[25C2[10C14 0x072[18;88H[1;29H6[25C1[9C032 0x020[18;87H[1;29H5[25C0[10C48 0x03[18;86H[1;29H4[23C599[18;85H[1;29H5[23C600[18;86H[1;29H6[25C1[10C32 0x02[18;87H[1;29H5[25C0[10C48 0x03[18;86H[1;29H6[25C1[10C32 0x02[18;87H[1;22HM[6C5[25C0/3657[18;86H[37m[44m rd.lvm.lv=VolGroup00/LogVol01 rhgb[18;86H[1;29H[30m[46m4[23C599/3656[18;85H[37m[44m rd.lvm.lv=VolGroup00/LogVol01 rhgb[K[18;85H[1;29H[30m[46m3[25C8/3655[18;84H[37m[44m rd.lvm.lv=VolGroup00/LogVol01 rhgb q[18;84H[1;29H[30m[46m2[25C7/3654[18;83H[37m[44m rd.lvm.lv=VolGroup00/LogVol01 rhgb qu[18;83H[1;29H[30m[46m1[25C6/3653[18;82H[37m[44m rd.lvm.lv=VolGroup00/LogVol01 rhgb qui[18;82H[1;29H[30m[46m0[25C5/3652[18;81H[37m[44m rd.lvm.lv=VolGroup00/LogVol01 rhgb quie[18;81H[1;28H[30m[46m19[25C4/3651[18;80H[37m[44m rd.lvm.lv=VolGroup00/LogVol01 rhgb quiet[18;80H[1;28H[30m[46m20[25C5/3652[18;80H[37m[44mv rd.lvm.lv=VolGroup00/LogVol01 rhgb quie[18;81H[1;29H[30m[46m1[25C6/3653[18;81H[37m[44m_ rd.lvm.lv=VolGroup00/LogVol01 rhgb qui[18;82H[1;29H[30m[46m2[25C7/3654[18;82H[37m[44mr rd.lvm.lv=VolGroup00/LogVol01 rhgb qu[18;83H[1;29H[30m[46m3[25C8/3655[18;83H[37m[44mo rd.lvm.lv=VolGroup00/LogVol01 rhgb q[18;84H[1;29H[30m[46m4[25C9/3656[18;84H[37m[44mo rd.lvm.lv=VolGroup00/LogVol01 rhgb[K[18;85H[1;29H[30m[46m5[23C600/3657[18;85H[37m[44mt rd.lvm.lv=VolGroup00/LogVol01 rhgb[18;86H[1;29H[30m[46m4[23C599[9C116 0x074[18;85H[1;29H3[25C8[11C1 0x06F[18;84H[1;29H2[25C7[18;83H[1;29H1[25C6[11C4 0x072[18;82H[1;29H0[25C5[9C095 0x05F[18;81H[1;28H19[25C4[9C118 0x076[18;80H[1;29H8[25C3/3656[18;79H[37m[44mv_root rd.lvm.lv=VolGroup00/LogVol01 rhgb[K[18;79H[1;29H[30m[46m9[25C4/3657[18;79H[37m[44mlv_root rd.lvm.lv=VolGroup00/LogVol01 rhgb[18;80H[1;29H[30m[46m8[25C3[10C0[5C6C[18;79H[1;29H7[25C2[9C047 0x02F[18;78H[1;29H6[25C1/3656[18;77H[37m[44m/lv_root rd.lvm.lv=VolGroup00/LogVol01 rhgb[K[18;77H[1;29H[30m[46m5[25C0/3655[18;76H[37m[44m/lv_root rd.lvm.lv=VolGroup00/LogVol01 rhgb q[18;76H[1;29H[30m[46m4[24C89/3654[18;75H[37m[44m/lv_root rd.lvm.lv=VolGroup00/LogVol01 rhgb qu[18;75H[1;29H[30m[46m3[25C8/3653[18;74H[37m[44m/lv_root rd.lvm.lv=VolGroup00/LogVol01 rhgb qui[18;74H[1;29H[30m[46m2[25C7/3652[18;73H[37m[44m/lv_root rd.lvm.lv=VolGroup00/LogVol01 rhgb quie[18;73H[1;29H[30m[46m1[25C6/3651[18;72H[37m[44m/lv_root rd.lvm.lv=VolGroup00/LogVol01 rhgb quiet[18;72H[1;29H[30m[46m0[25C5/3650[18;71H[37m[44m/lv_root rd.lvm.lv=VolGroup00/LogVol01 rhgb quiet[1m[34m[44m.[18;71H[1;28H(B[m[30m[46m09[25C4/3649[18;70H[37m[44m/lv_root rd.lvm.lv=VolGroup00/LogVol01 rhgb quiet[1m[34m[44m.(B[m[37m[44m[K[18;70H[1;29H[30m[46m8[25C3/3648[18;69H[37m[44m/lv_root rd.lvm.lv=VolGroup00/LogVol01 rhgb quiet[1m[34m[44m.(B[m[37m[44m[K[18;69H[1;29H[30m[46m7[25C2/3647[18;68H[37m[44m/lv_root rd.lvm.lv=VolGroup00/LogVol01 rhgb quiet[1m[34m[44m.(B[m[37m[44m[K[18;68H[1;29H[30m[46m8[25C3/3648[18;68H[37m[44mv/lv_root rd.lvm.lv=VolGroup00/LogVol01 rhgb quiet[1m[34m[44m.[18;69H[1;29H(B[m[30m[46m9[25C4/3649[18;69H[37m[44mg/lv_root rd.lvm.lv=VolGroup00/LogVol01 rhgb quiet[1m[34m[44m.[18;70H[1;28H(B[m[30m[46m10[25C5/3650[18;70H[37m[44m_/lv_root rd.lvm.lv=VolGroup00/LogVol01 rhgb quiet[1m[34m[44m.[18;71H[1;29H(B[m[30m[46m1[25C6/3651[18;71H[37m[44mr/lv_root rd.lvm.lv=VolGroup00/LogVol01 rhgb quiet[18;72H[1;29H[30m[46m2[25C7/3652[18;72H[37m[44mo/lv_root rd.lvm.lv=VolGroup00/LogVol01 rhgb quie[18;73H[1;29H[30m[46m3[25C8/3653[18;73H[37m[44mo/lv_root rd.lvm.lv=VolGroup00/LogVol01 rhgb qui[18;74H[1;29H[30m[46m4[25C9/3654[18;74H[37m[44mt/lv_root rd.lvm.lv=VolGroup00/LogVol01 rhgb qu[18;75H[7;38H[30m[47m                                               [8;38H ┌────────────────[34m Save file [30m────────────────┐ [9;38H │ Confirm save file: "/boot/grub2/grub.cfg" │ [10;38H ├───────────────────────────────────────────┤ [11;38H │           [46m[ [34mS[30mave ][47m  [ [34mC[30mancel ]            │ [12;38H └───────────────────────────────────────────┘ [13;38H                                               [11;53H[1;22H[46m-[7;38H[37m[44m[K[8;38H[K[9;38H[K[10;38H[K[11;38H[K[12;38H[K[13;38H[K[18;75H[1;1H[39m[49m[K
[K
[K
[K
[K
[K
[K
[K
[K
[K
[K
[K
[K
[K
[K
[K
[K
[K
[K
[K
[K
[K
[K
[K[1;120H[?1015l[?1002l[?1001r[?1l>[24;1H(B[m[39;49m[K[?1049l[?47l8[m[39;49m
]0;root@lvm:/boot[root@lvm boot]# exit
exit
]0;root@lvm:~[root@lvm ~]# reboot
Connection to 127.0.0.1 closed by remote host.
Connection to 127.0.0.1 closed.
]0;and@and-System-Product-Name: ~/vagrant/otus/3/otus_installand@and-System-Product-Name:~/vagrant/otus/3/otus_install$ vagrant ssh
Last login: Thu Aug 13 09:38:12 2020 from 10.0.2.2
]0;vagrant@lvm:~[?1034h[vagrant@lvm ~]$ lsblk
NAME                    MAJ:MIN RM  SIZE RO TYPE MOUNTPOINT
sda                       8:0    0   40G  0 disk 
├─sda1                    8:1    0    1M  0 part 
├─sda2                    8:2    0    1G  0 part /boot
└─sda3                    8:3    0   39G  0 part 
  ├─VolGroup00-LogVol01 253:1    0  1.5G  0 lvm  [SWAP]
  └─VolGroup00-LogVol00 253:2    0 37.5G  0 lvm  
sdb                       8:16   0   10G  0 disk 
└─vg_root-lv_root       253:0    0   10G  0 lvm  /
sdc                       8:32   0    2G  0 disk 
sdd                       8:48   0    1G  0 disk 
sde                       8:64   0    1G  0 disk 
]0;vagrant@lvm:~[vagrant@lvm ~]$ sudo -i
]0;root@lvm:~[?1034h[root@lvm ~]#  lvremove /dev/VolGroup00/LogVol00[C[C[C[C[C[C[C[C[C[C[C[C[C[C[1P
Do you really want to remove active logical volume VolGroup00/LogVol00? [y/n]: y
  Logical volume "LogVol00" successfully removed
]0;root@lvm:~[root@lvm ~]#  lvcreate -n VolGroup00/LogVol00 -L 8G /dev/VolGroup00[C[C[C[C[C[C[C[C[C[C[C[C[C[C[1P
WARNING: xfs signature detected on /dev/VolGroup00/LogVol00 at offset 0. Wipe it? [y/n]: y
  Wiping xfs signature on /dev/VolGroup00/LogVol00.
  Logical volume "LogVol00" created.
]0;root@lvm:~[root@lvm ~]# mkfs.xfs /dev/VolGroup00/LogVol00
meta-data=/dev/VolGroup00/LogVol00 isize=512    agcount=4, agsize=524288 blks
         =                       sectsz=512   attr=2, projid32bit=1
         =                       crc=1        finobt=0, sparse=0
data     =                       bsize=4096   blocks=2097152, imaxpct=25
         =                       sunit=0      swidth=0 blks
naming   =version 2              bsize=4096   ascii-ci=0 ftype=1
log      =internal log           bsize=4096   blocks=2560, version=2
         =                       sectsz=512   sunit=0 blks, lazy-count=1
realtime =none                   extsz=4096   blocks=0, rtextents=0
]0;root@lvm:~[root@lvm ~]# mount /dev/VolGroup00/LogVol00 /mnt
]0;root@lvm:~[root@lvm ~]# xfsdump -J - /dev/vg_root/lv_root | xfsrestore -J - /mnt
xfsrestore: using file dump (drive_simple) strategy
xfsrestore: version 3.1.7 (dump format 3.0)
xfsdump: using file dump (drive_simple) strategy
xfsdump: version 3.1.7 (dump format 3.0)
xfsdump: level 0 dump of lvm:/
xfsdump: dump date: Thu Aug 13 09:47:11 2020
xfsdump: session id: b42e59a8-ffd7-408f-b881-a78a1f6e41a1
xfsdump: session label: ""
xfsrestore: searching media for dump
xfsdump: ino map phase 1: constructing initial dump list
xfsdump: ino map phase 2: skipping (no pruning necessary)
xfsdump: ino map phase 3: skipping (only one dump stream)
xfsdump: ino map construction complete
xfsdump: estimated dump size: 791473664 bytes
xfsdump: creating dump session media file 0 (media 0, file 0)
xfsdump: dumping ino map
xfsdump: dumping directories
xfsrestore: examining media file 0
xfsrestore: dump description: 
xfsrestore: hostname: lvm
xfsrestore: mount point: /
xfsrestore: volume: /dev/mapper/vg_root-lv_root
xfsrestore: session time: Thu Aug 13 09:47:11 2020
xfsrestore: level: 0
xfsrestore: session label: ""
xfsrestore: media label: ""
xfsrestore: file system id: 8ed33b7f-cfd7-49dc-bab8-40e075a73c3b
xfsrestore: session id: b42e59a8-ffd7-408f-b881-a78a1f6e41a1
xfsrestore: media id: c81ebf6a-45b3-463f-b67d-2935776abb1d
xfsrestore: searching media for directory dump
xfsrestore: reading directories
xfsdump: dumping non-directory files
xfsrestore: 3147 directories and 26948 entries processed
xfsrestore: directory post-processing
xfsrestore: restoring non-directory files
xfsdump: ending media file
xfsdump: media file size 763187992 bytes
xfsdump: dump size (non-dir files) : 748005384 bytes
xfsdump: dump complete: 24 seconds elapsed
xfsdump: Dump Status: SUCCESS
xfsrestore: restore complete: 24 seconds elapsed
xfsrestore: Restore Status: SUCCESS
]0;root@lvm:~[root@lvm ~]# for i in /proc/ /sys/ /dev/ /run/ /boot/; do mount --bind $i /mnt/$i; done
]0;root@lvm:~[root@lvm ~]# chroot /mny[Kt/
]0;root@lvm:/[?1034h[root@lvm /]# grub2-mkconfig -o /boot/grub2/grub.cfg
Generating grub configuration file ...
Found linux image: /boot/vmlinuz-3.10.0-862.2.3.el7.x86_64
Found initrd image: /boot/initramfs-3.10.0-862.2.3.el7.x86_64.img
done
]0;root@lvm:/[root@lvm /]# cd /boot ; for i in `ls initramfs-*img`; do dracut -v $i `echo $i|sed "s/initramfs-//g;
> s/.img//g"` --force; done
Executing: /sbin/dracut -v initramfs-3.10.0-862.2.3.el7.x86_64.img 3.10.0-862.2.3.el7.x86_64 --force
dracut module 'busybox' will not be installed, because command 'busybox' could not be found!
dracut module 'crypt' will not be installed, because command 'cryptsetup' could not be found!
dracut module 'dmraid' will not be installed, because command 'dmraid' could not be found!
dracut module 'dmsquash-live-ntfs' will not be installed, because command 'ntfs-3g' could not be found!
dracut module 'multipath' will not be installed, because command 'multipath' could not be found!
dracut module 'busybox' will not be installed, because command 'busybox' could not be found!
dracut module 'crypt' will not be installed, because command 'cryptsetup' could not be found!
dracut module 'dmraid' will not be installed, because command 'dmraid' could not be found!
dracut module 'dmsquash-live-ntfs' will not be installed, because command 'ntfs-3g' could not be found!
dracut module 'multipath' will not be installed, because command 'multipath' could not be found!
*** Including module: bash ***
*** Including module: nss-softokn ***
*** Including module: i18n ***
*** Including module: drm ***
*** Including module: plymouth ***
*** Including module: dm ***
Skipping udev rule: 64-device-mapper.rules
Skipping udev rule: 60-persistent-storage-dm.rules
Skipping udev rule: 55-dm.rules
*** Including module: kernel-modules ***
Omitting driver floppy
*** Including module: lvm ***
Skipping udev rule: 64-device-mapper.rules
Skipping udev rule: 56-lvm.rules
Skipping udev rule: 60-persistent-storage-lvm.rules
*** Including module: qemu ***
*** Including module: resume ***
*** Including module: rootfs-block ***
*** Including module: terminfo ***
*** Including module: udev-rules ***
Skipping udev rule: 40-redhat-cpu-hotplug.rules
Skipping udev rule: 91-permissions.rules
*** Including module: biosdevname ***
*** Including module: systemd ***
*** Including module: usrmount ***
*** Including module: base ***
*** Including module: fs-lib ***
*** Including module: shutdown ***
*** Including modules done ***
*** Installing kernel module dependencies and firmware ***
*** Installing kernel module dependencies and firmware done ***
*** Resolving executable dependencies ***
*** Resolving executable dependencies done***
*** Hardlinking files ***
*** Hardlinking files done ***
*** Stripping files ***
*** Stripping files done ***
*** Generating early-microcode cpio image contents ***
*** No early-microcode cpio image needed ***
*** Store current command line parameters ***
*** Creating image file ***
*** Creating image file done ***
*** Creating initramfs image file '/boot/initramfs-3.10.0-862.2.3.el7.x86_64.img' done ***
]0;root@lvm:/boot[root@lvm boot]# pvcreate /dev/sdc /dev/sdd
  Physical volume "/dev/sdc" successfully created.
  Physical volume "/dev/sdd" successfully created.
]0;root@lvm:/boot[root@lvm boot]# vgcreate vg_var /dev/sdc /dev/sdd
  Volume group "vg_var" successfully created
]0;root@lvm:/boot[root@lvm boot]# lvcreate -L 950M -m1 -n lv_var vg_var
  Rounding up size to full physical extent 952.00 MiB
  Logical volume "lv_var" created.
]0;root@lvm:/boot[root@lvm boot]# mkfs.ext4 /dev/vg_var/lv_var
mke2fs 1.42.9 (28-Dec-2013)
Filesystem label=
OS type: Linux
Block size=4096 (log=2)
Fragment size=4096 (log=2)
Stride=0 blocks, Stripe width=0 blocks
60928 inodes, 243712 blocks
12185 blocks (5.00%) reserved for the super user
First data block=0
Maximum filesystem blocks=249561088
8 block groups
32768 blocks per group, 32768 fragments per group
7616 inodes per group
Superblock backups stored on blocks: 
	32768, 98304, 163840, 229376

Allocating group tables: 0/8   done                            
Writing inode tables: 0/8   done                            
Creating journal (4096 blocks): done
Writing superblocks and filesystem accounting information: 0/8   done

]0;root@lvm:/boot[root@lvm boot]# mount /dev/vg_var/lv_var /mnt
]0;root@lvm:/boot[root@lvm boot]#  cp -aR /var/* /mnt/ # rsync -avHPSAX /var/ /mnt/
]0;root@lvm:/boot[root@lvm boot]#  mkdir /tmp/oldvar && mv /var/* /tmp/oldvar
]0;root@lvm:/boot[root@lvm boot]# umount /mnt
]0;root@lvm:/boot[root@lvm boot]# mount /dev/vg_var/lv_var /var
]0;root@lvm:/boot[root@lvm boot]# echo "`blkid | grep var: | awk '{print $2}'` /var ext4 defaults 0 0" >> /etc/fstab
]0;root@lvm:/boot[root@lvm boot]# exit
exit
]0;root@lvm:~[root@lvm ~]# reboot
PolicyKit daemon disconnected from the bus.
We are no longer a registered authentication agent.
Connection to 127.0.0.1 closed by remote host.
Connection to 127.0.0.1 closed.
]0;and@and-System-Product-Name: ~/vagrant/otus/3/otus_installand@and-System-Product-Name:~/vagrant/otus/3/otus_install$ vagrant sshlist-commanssh[K
^[[A^[[B        ]0;and@and-System-Product-Name: ~/vagrant/otus/3/otus_installand@and-System-Product-Name:~/vagrant/otus/3/otus_install$ vagrant ssh
Last login: Thu Aug 13 09:45:44 2020 from 10.0.2.2
]0;vagrant@lvm:~[?1034h[vagrant@lvm ~]$ lsblk
NAME                     MAJ:MIN RM  SIZE RO TYPE MOUNTPOINT
sda                        8:0    0   40G  0 disk 
├─sda1                     8:1    0    1M  0 part 
├─sda2                     8:2    0    1G  0 part /boot
└─sda3                     8:3    0   39G  0 part 
  ├─VolGroup00-LogVol00  253:0    0    8G  0 lvm  /
  └─VolGroup00-LogVol01  253:1    0  1.5G  0 lvm  [SWAP]
sdb                        8:16   0   10G  0 disk 
└─vg_root-lv_root        253:7    0   10G  0 lvm  
sdc                        8:32   0    2G  0 disk 
├─vg_var-lv_var_rmeta_0  253:2    0    4M  0 lvm  
│ └─vg_var-lv_var        253:6    0  952M  0 lvm  /var
└─vg_var-lv_var_rimage_0 253:3    0  952M  0 lvm  
  └─vg_var-lv_var        253:6    0  952M  0 lvm  /var
sdd                        8:48   0    1G  0 disk 
├─vg_var-lv_var_rmeta_1  253:4    0    4M  0 lvm  
│ └─vg_var-lv_var        253:6    0  952M  0 lvm  /var
└─vg_var-lv_var_rimage_1 253:5    0  952M  0 lvm  
  └─vg_var-lv_var        253:6    0  952M  0 lvm  /var
sde                        8:64   0    1G  0 disk 
]0;vagrant@lvm:~[vagrant@lvm ~]$ sudo -i
]0;root@lvm:~[?1034h[root@lvm ~]# lvremove /dev/vg_root/lv_root
Do you really want to remove active logical volume vg_root/lv_root? [y/n]: y
  Logical volume "lv_root" successfully removed
